Archive member included to satisfy reference by file (symbol)

c:/st/stm32cubeide_1.7.0/stm32cubeide/plugins/com.st.stm32cube.ide.mcu.externaltools.gnu-tools-for-stm32.9-2020-q2-update.win32_2.0.0.202105311346/tools/bin/../lib/gcc/arm-none-eabi/9.3.1/../../../../arm-none-eabi/lib/thumb/v7-m/nofp\libc_nano.a(lib_a-errno.o)
                              ./Core/Src/syscalls.o (__errno)
c:/st/stm32cubeide_1.7.0/stm32cubeide/plugins/com.st.stm32cube.ide.mcu.externaltools.gnu-tools-for-stm32.9-2020-q2-update.win32_2.0.0.202105311346/tools/bin/../lib/gcc/arm-none-eabi/9.3.1/../../../../arm-none-eabi/lib/thumb/v7-m/nofp\libc_nano.a(lib_a-exit.o)
                              c:/st/stm32cubeide_1.7.0/stm32cubeide/plugins/com.st.stm32cube.ide.mcu.externaltools.gnu-tools-for-stm32.9-2020-q2-update.win32_2.0.0.202105311346/tools/bin/../lib/gcc/arm-none-eabi/9.3.1/../../../../arm-none-eabi/lib/thumb/v7-m/nofp/crt0.o (exit)
c:/st/stm32cubeide_1.7.0/stm32cubeide/plugins/com.st.stm32cube.ide.mcu.externaltools.gnu-tools-for-stm32.9-2020-q2-update.win32_2.0.0.202105311346/tools/bin/../lib/gcc/arm-none-eabi/9.3.1/../../../../arm-none-eabi/lib/thumb/v7-m/nofp\libc_nano.a(lib_a-impure.o)
                              c:/st/stm32cubeide_1.7.0/stm32cubeide/plugins/com.st.stm32cube.ide.mcu.externaltools.gnu-tools-for-stm32.9-2020-q2-update.win32_2.0.0.202105311346/tools/bin/../lib/gcc/arm-none-eabi/9.3.1/../../../../arm-none-eabi/lib/thumb/v7-m/nofp\libc_nano.a(lib_a-exit.o) (_global_impure_ptr)
c:/st/stm32cubeide_1.7.0/stm32cubeide/plugins/com.st.stm32cube.ide.mcu.externaltools.gnu-tools-for-stm32.9-2020-q2-update.win32_2.0.0.202105311346/tools/bin/../lib/gcc/arm-none-eabi/9.3.1/../../../../arm-none-eabi/lib/thumb/v7-m/nofp\libc_nano.a(lib_a-init.o)
                              c:/st/stm32cubeide_1.7.0/stm32cubeide/plugins/com.st.stm32cube.ide.mcu.externaltools.gnu-tools-for-stm32.9-2020-q2-update.win32_2.0.0.202105311346/tools/bin/../lib/gcc/arm-none-eabi/9.3.1/../../../../arm-none-eabi/lib/thumb/v7-m/nofp/crt0.o (__libc_init_array)
c:/st/stm32cubeide_1.7.0/stm32cubeide/plugins/com.st.stm32cube.ide.mcu.externaltools.gnu-tools-for-stm32.9-2020-q2-update.win32_2.0.0.202105311346/tools/bin/../lib/gcc/arm-none-eabi/9.3.1/../../../../arm-none-eabi/lib/thumb/v7-m/nofp\libc_nano.a(lib_a-memset.o)
                              c:/st/stm32cubeide_1.7.0/stm32cubeide/plugins/com.st.stm32cube.ide.mcu.externaltools.gnu-tools-for-stm32.9-2020-q2-update.win32_2.0.0.202105311346/tools/bin/../lib/gcc/arm-none-eabi/9.3.1/../../../../arm-none-eabi/lib/thumb/v7-m/nofp/crt0.o (memset)

Allocating common symbols
Common symbol       size              file

uwTick              0x4               ./Drivers/STM32F1xx_HAL_Driver/Src/stm32f1xx_hal.o
pFlash              0x20              ./Drivers/STM32F1xx_HAL_Driver/Src/stm32f1xx_hal_flash.o
htim2               0x48              ./Core/Src/main.o

Discarded input sections

 .text          0x0000000000000000        0x0 c:/st/stm32cubeide_1.7.0/stm32cubeide/plugins/com.st.stm32cube.ide.mcu.externaltools.gnu-tools-for-stm32.9-2020-q2-update.win32_2.0.0.202105311346/tools/bin/../lib/gcc/arm-none-eabi/9.3.1/thumb/v7-m/nofp/crti.o
 .data          0x0000000000000000        0x0 c:/st/stm32cubeide_1.7.0/stm32cubeide/plugins/com.st.stm32cube.ide.mcu.externaltools.gnu-tools-for-stm32.9-2020-q2-update.win32_2.0.0.202105311346/tools/bin/../lib/gcc/arm-none-eabi/9.3.1/thumb/v7-m/nofp/crti.o
 .bss           0x0000000000000000        0x0 c:/st/stm32cubeide_1.7.0/stm32cubeide/plugins/com.st.stm32cube.ide.mcu.externaltools.gnu-tools-for-stm32.9-2020-q2-update.win32_2.0.0.202105311346/tools/bin/../lib/gcc/arm-none-eabi/9.3.1/thumb/v7-m/nofp/crti.o
 .data          0x0000000000000000        0x4 c:/st/stm32cubeide_1.7.0/stm32cubeide/plugins/com.st.stm32cube.ide.mcu.externaltools.gnu-tools-for-stm32.9-2020-q2-update.win32_2.0.0.202105311346/tools/bin/../lib/gcc/arm-none-eabi/9.3.1/thumb/v7-m/nofp/crtbegin.o
 .text          0x0000000000000000       0x7c c:/st/stm32cubeide_1.7.0/stm32cubeide/plugins/com.st.stm32cube.ide.mcu.externaltools.gnu-tools-for-stm32.9-2020-q2-update.win32_2.0.0.202105311346/tools/bin/../lib/gcc/arm-none-eabi/9.3.1/../../../../arm-none-eabi/lib/thumb/v7-m/nofp/crt0.o
 .data          0x0000000000000000        0x0 c:/st/stm32cubeide_1.7.0/stm32cubeide/plugins/com.st.stm32cube.ide.mcu.externaltools.gnu-tools-for-stm32.9-2020-q2-update.win32_2.0.0.202105311346/tools/bin/../lib/gcc/arm-none-eabi/9.3.1/../../../../arm-none-eabi/lib/thumb/v7-m/nofp/crt0.o
 .bss           0x0000000000000000        0x0 c:/st/stm32cubeide_1.7.0/stm32cubeide/plugins/com.st.stm32cube.ide.mcu.externaltools.gnu-tools-for-stm32.9-2020-q2-update.win32_2.0.0.202105311346/tools/bin/../lib/gcc/arm-none-eabi/9.3.1/../../../../arm-none-eabi/lib/thumb/v7-m/nofp/crt0.o
 .ARM.extab     0x0000000000000000        0x0 c:/st/stm32cubeide_1.7.0/stm32cubeide/plugins/com.st.stm32cube.ide.mcu.externaltools.gnu-tools-for-stm32.9-2020-q2-update.win32_2.0.0.202105311346/tools/bin/../lib/gcc/arm-none-eabi/9.3.1/../../../../arm-none-eabi/lib/thumb/v7-m/nofp/crt0.o
 .ARM.exidx     0x0000000000000000       0x10 c:/st/stm32cubeide_1.7.0/stm32cubeide/plugins/com.st.stm32cube.ide.mcu.externaltools.gnu-tools-for-stm32.9-2020-q2-update.win32_2.0.0.202105311346/tools/bin/../lib/gcc/arm-none-eabi/9.3.1/../../../../arm-none-eabi/lib/thumb/v7-m/nofp/crt0.o
 .ARM.attributes
                0x0000000000000000       0x1b c:/st/stm32cubeide_1.7.0/stm32cubeide/plugins/com.st.stm32cube.ide.mcu.externaltools.gnu-tools-for-stm32.9-2020-q2-update.win32_2.0.0.202105311346/tools/bin/../lib/gcc/arm-none-eabi/9.3.1/../../../../arm-none-eabi/lib/thumb/v7-m/nofp/crt0.o
 .text          0x0000000000000000        0x0 ./Core/Src/BUTTON.o
 .data          0x0000000000000000        0x0 ./Core/Src/BUTTON.o
 .bss           0x0000000000000000        0x0 ./Core/Src/BUTTON.o
 .text.is_pressed_3s
                0x0000000000000000       0x20 ./Core/Src/BUTTON.o
 .text.is_button_released
                0x0000000000000000       0x14 ./Core/Src/BUTTON.o
 .text          0x0000000000000000        0x0 ./Core/Src/global.o
 .data          0x0000000000000000        0x0 ./Core/Src/global.o
 .bss           0x0000000000000000        0x0 ./Core/Src/global.o
 .text          0x0000000000000000        0x0 ./Core/Src/led_7_seg.o
 .data          0x0000000000000000        0x0 ./Core/Src/led_7_seg.o
 .bss           0x0000000000000000        0x0 ./Core/Src/led_7_seg.o
 .text          0x0000000000000000        0x0 ./Core/Src/led_traffic.o
 .data          0x0000000000000000        0x0 ./Core/Src/led_traffic.o
 .bss           0x0000000000000000        0x0 ./Core/Src/led_traffic.o
 .text          0x0000000000000000        0x0 ./Core/Src/main.o
 .data          0x0000000000000000        0x0 ./Core/Src/main.o
 .bss           0x0000000000000000        0x0 ./Core/Src/main.o
 .text.Error_Handler
                0x0000000000000000        0x4 ./Core/Src/main.o
 .text          0x0000000000000000        0x0 ./Core/Src/software_timer.o
 .data          0x0000000000000000        0x0 ./Core/Src/software_timer.o
 .bss           0x0000000000000000        0x0 ./Core/Src/software_timer.o
 .text          0x0000000000000000        0x0 ./Core/Src/stm32f1xx_hal_msp.o
 .data          0x0000000000000000        0x0 ./Core/Src/stm32f1xx_hal_msp.o
 .bss           0x0000000000000000        0x0 ./Core/Src/stm32f1xx_hal_msp.o
 .text.HAL_TIM_Base_MspDeInit
                0x0000000000000000       0x20 ./Core/Src/stm32f1xx_hal_msp.o
 .text          0x0000000000000000        0x0 ./Core/Src/stm32f1xx_it.o
 .data          0x0000000000000000        0x0 ./Core/Src/stm32f1xx_it.o
 .bss           0x0000000000000000        0x0 ./Core/Src/stm32f1xx_it.o
 .text          0x0000000000000000        0x0 ./Core/Src/syscalls.o
 .data          0x0000000000000000        0x0 ./Core/Src/syscalls.o
 .bss           0x0000000000000000        0x0 ./Core/Src/syscalls.o
 .text.initialise_monitor_handles
                0x0000000000000000        0x2 ./Core/Src/syscalls.o
 .text._getpid  0x0000000000000000        0x4 ./Core/Src/syscalls.o
 .text._kill    0x0000000000000000       0x10 ./Core/Src/syscalls.o
 .text._exit    0x0000000000000000        0xc ./Core/Src/syscalls.o
 .text._read    0x0000000000000000       0x1a ./Core/Src/syscalls.o
 .text._write   0x0000000000000000       0x1a ./Core/Src/syscalls.o
 .text._close   0x0000000000000000        0x6 ./Core/Src/syscalls.o
 .text._fstat   0x0000000000000000        0xa ./Core/Src/syscalls.o
 .text._isatty  0x0000000000000000        0x4 ./Core/Src/syscalls.o
 .text._lseek   0x0000000000000000        0x4 ./Core/Src/syscalls.o
 .text._open    0x0000000000000000        0xa ./Core/Src/syscalls.o
 .text._wait    0x0000000000000000       0x10 ./Core/Src/syscalls.o
 .text._unlink  0x0000000000000000       0x10 ./Core/Src/syscalls.o
 .text._times   0x0000000000000000        0x6 ./Core/Src/syscalls.o
 .text._stat    0x0000000000000000        0xa ./Core/Src/syscalls.o
 .text._link    0x0000000000000000       0x10 ./Core/Src/syscalls.o
 .text._fork    0x0000000000000000       0x10 ./Core/Src/syscalls.o
 .text._execve  0x0000000000000000       0x10 ./Core/Src/syscalls.o
 .bss.__env     0x0000000000000000        0x4 ./Core/Src/syscalls.o
 .data.environ  0x0000000000000000        0x4 ./Core/Src/syscalls.o
 .comment       0x0000000000000000       0x54 ./Core/Src/syscalls.o
 .ARM.attributes
                0x0000000000000000       0x2d ./Core/Src/syscalls.o
 .text          0x0000000000000000        0x0 ./Core/Src/sysmem.o
 .data          0x0000000000000000        0x0 ./Core/Src/sysmem.o
 .bss           0x0000000000000000        0x0 ./Core/Src/sysmem.o
 .text._sbrk    0x0000000000000000       0x40 ./Core/Src/sysmem.o
 .bss.__sbrk_heap_end
                0x0000000000000000        0x4 ./Core/Src/sysmem.o
 .comment       0x0000000000000000       0x54 ./Core/Src/sysmem.o
 .ARM.attributes
                0x0000000000000000       0x2d ./Core/Src/sysmem.o
 .text          0x0000000000000000        0x0 ./Core/Src/system_stm32f1xx.o
 .data          0x0000000000000000        0x0 ./Core/Src/system_stm32f1xx.o
 .bss           0x0000000000000000        0x0 ./Core/Src/system_stm32f1xx.o
 .text.SystemCoreClockUpdate
                0x0000000000000000       0x58 ./Core/Src/system_stm32f1xx.o
 .rodata.APBPrescTable
                0x0000000000000000        0x8 ./Core/Src/system_stm32f1xx.o
 .text          0x0000000000000000        0x0 ./Core/Src/traffic_fsm.o
 .data          0x0000000000000000        0x0 ./Core/Src/traffic_fsm.o
 .bss           0x0000000000000000        0x0 ./Core/Src/traffic_fsm.o
 .text          0x0000000000000000       0x14 ./Core/Startup/startup_stm32f103c6ux.o
 .data          0x0000000000000000        0x0 ./Core/Startup/startup_stm32f103c6ux.o
 .bss           0x0000000000000000        0x0 ./Core/Startup/startup_stm32f103c6ux.o
 .text          0x0000000000000000        0x0 ./Drivers/STM32F1xx_HAL_Driver/Src/stm32f1xx_hal.o
 .data          0x0000000000000000        0x0 ./Drivers/STM32F1xx_HAL_Driver/Src/stm32f1xx_hal.o
 .bss           0x0000000000000000        0x0 ./Drivers/STM32F1xx_HAL_Driver/Src/stm32f1xx_hal.o
 .text.HAL_MspInit
                0x0000000000000000        0x2 ./Drivers/STM32F1xx_HAL_Driver/Src/stm32f1xx_hal.o
 .text.HAL_MspDeInit
                0x0000000000000000        0x2 ./Drivers/STM32F1xx_HAL_Driver/Src/stm32f1xx_hal.o
 .text.HAL_DeInit
                0x0000000000000000       0x20 ./Drivers/STM32F1xx_HAL_Driver/Src/stm32f1xx_hal.o
 .text.HAL_GetTickPrio
                0x0000000000000000        0xc ./Drivers/STM32F1xx_HAL_Driver/Src/stm32f1xx_hal.o
 .text.HAL_SetTickFreq
                0x0000000000000000       0x28 ./Drivers/STM32F1xx_HAL_Driver/Src/stm32f1xx_hal.o
 .text.HAL_GetTickFreq
                0x0000000000000000        0xc ./Drivers/STM32F1xx_HAL_Driver/Src/stm32f1xx_hal.o
 .text.HAL_Delay
                0x0000000000000000       0x24 ./Drivers/STM32F1xx_HAL_Driver/Src/stm32f1xx_hal.o
 .text.HAL_SuspendTick
                0x0000000000000000       0x10 ./Drivers/STM32F1xx_HAL_Driver/Src/stm32f1xx_hal.o
 .text.HAL_ResumeTick
                0x0000000000000000       0x10 ./Drivers/STM32F1xx_HAL_Driver/Src/stm32f1xx_hal.o
 .text.HAL_GetHalVersion
                0x0000000000000000        0x8 ./Drivers/STM32F1xx_HAL_Driver/Src/stm32f1xx_hal.o
 .text.HAL_GetREVID
                0x0000000000000000        0xc ./Drivers/STM32F1xx_HAL_Driver/Src/stm32f1xx_hal.o
 .text.HAL_GetDEVID
                0x0000000000000000       0x10 ./Drivers/STM32F1xx_HAL_Driver/Src/stm32f1xx_hal.o
 .text.HAL_GetUIDw0
                0x0000000000000000        0xc ./Drivers/STM32F1xx_HAL_Driver/Src/stm32f1xx_hal.o
 .text.HAL_GetUIDw1
                0x0000000000000000        0xc ./Drivers/STM32F1xx_HAL_Driver/Src/stm32f1xx_hal.o
 .text.HAL_GetUIDw2
                0x0000000000000000        0xc ./Drivers/STM32F1xx_HAL_Driver/Src/stm32f1xx_hal.o
 .text.HAL_DBGMCU_EnableDBGSleepMode
                0x0000000000000000       0x10 ./Drivers/STM32F1xx_HAL_Driver/Src/stm32f1xx_hal.o
 .text.HAL_DBGMCU_DisableDBGSleepMode
                0x0000000000000000       0x10 ./Drivers/STM32F1xx_HAL_Driver/Src/stm32f1xx_hal.o
 .text.HAL_DBGMCU_EnableDBGStopMode
                0x0000000000000000       0x10 ./Drivers/STM32F1xx_HAL_Driver/Src/stm32f1xx_hal.o
 .text.HAL_DBGMCU_DisableDBGStopMode
                0x0000000000000000       0x10 ./Drivers/STM32F1xx_HAL_Driver/Src/stm32f1xx_hal.o
 .text.HAL_DBGMCU_EnableDBGStandbyMode
                0x0000000000000000       0x10 ./Drivers/STM32F1xx_HAL_Driver/Src/stm32f1xx_hal.o
 .text.HAL_DBGMCU_DisableDBGStandbyMode
                0x0000000000000000       0x10 ./Drivers/STM32F1xx_HAL_Driver/Src/stm32f1xx_hal.o
 .text          0x0000000000000000        0x0 ./Drivers/STM32F1xx_HAL_Driver/Src/stm32f1xx_hal_cortex.o
 .data          0x0000000000000000        0x0 ./Drivers/STM32F1xx_HAL_Driver/Src/stm32f1xx_hal_cortex.o
 .bss           0x0000000000000000        0x0 ./Drivers/STM32F1xx_HAL_Driver/Src/stm32f1xx_hal_cortex.o
 .text.HAL_NVIC_DisableIRQ
                0x0000000000000000       0x28 ./Drivers/STM32F1xx_HAL_Driver/Src/stm32f1xx_hal_cortex.o
 .text.HAL_NVIC_SystemReset
                0x0000000000000000       0x24 ./Drivers/STM32F1xx_HAL_Driver/Src/stm32f1xx_hal_cortex.o
 .text.HAL_NVIC_GetPriorityGrouping
                0x0000000000000000       0x10 ./Drivers/STM32F1xx_HAL_Driver/Src/stm32f1xx_hal_cortex.o
 .text.HAL_NVIC_GetPriority
                0x0000000000000000       0x60 ./Drivers/STM32F1xx_HAL_Driver/Src/stm32f1xx_hal_cortex.o
 .text.HAL_NVIC_SetPendingIRQ
                0x0000000000000000       0x20 ./Drivers/STM32F1xx_HAL_Driver/Src/stm32f1xx_hal_cortex.o
 .text.HAL_NVIC_GetPendingIRQ
                0x0000000000000000       0x24 ./Drivers/STM32F1xx_HAL_Driver/Src/stm32f1xx_hal_cortex.o
 .text.HAL_NVIC_ClearPendingIRQ
                0x0000000000000000       0x20 ./Drivers/STM32F1xx_HAL_Driver/Src/stm32f1xx_hal_cortex.o
 .text.HAL_NVIC_GetActive
                0x0000000000000000       0x24 ./Drivers/STM32F1xx_HAL_Driver/Src/stm32f1xx_hal_cortex.o
 .text.HAL_SYSTICK_CLKSourceConfig
                0x0000000000000000       0x18 ./Drivers/STM32F1xx_HAL_Driver/Src/stm32f1xx_hal_cortex.o
 .text.HAL_SYSTICK_Callback
                0x0000000000000000        0x2 ./Drivers/STM32F1xx_HAL_Driver/Src/stm32f1xx_hal_cortex.o
 .text.HAL_SYSTICK_IRQHandler
                0x0000000000000000        0x8 ./Drivers/STM32F1xx_HAL_Driver/Src/stm32f1xx_hal_cortex.o
 .text          0x0000000000000000        0x0 ./Drivers/STM32F1xx_HAL_Driver/Src/stm32f1xx_hal_dma.o
 .data          0x0000000000000000        0x0 ./Drivers/STM32F1xx_HAL_Driver/Src/stm32f1xx_hal_dma.o
 .bss           0x0000000000000000        0x0 ./Drivers/STM32F1xx_HAL_Driver/Src/stm32f1xx_hal_dma.o
 .text.HAL_DMA_Init
                0x0000000000000000       0x64 ./Drivers/STM32F1xx_HAL_Driver/Src/stm32f1xx_hal_dma.o
 .text.HAL_DMA_DeInit
                0x0000000000000000       0x54 ./Drivers/STM32F1xx_HAL_Driver/Src/stm32f1xx_hal_dma.o
 .text.HAL_DMA_Start
                0x0000000000000000       0x5c ./Drivers/STM32F1xx_HAL_Driver/Src/stm32f1xx_hal_dma.o
 .text.HAL_DMA_Start_IT
                0x0000000000000000       0x78 ./Drivers/STM32F1xx_HAL_Driver/Src/stm32f1xx_hal_dma.o
 .text.HAL_DMA_Abort
                0x0000000000000000       0x42 ./Drivers/STM32F1xx_HAL_Driver/Src/stm32f1xx_hal_dma.o
 .text.HAL_DMA_Abort_IT
                0x0000000000000000       0x90 ./Drivers/STM32F1xx_HAL_Driver/Src/stm32f1xx_hal_dma.o
 .text.HAL_DMA_PollForTransfer
                0x0000000000000000      0x234 ./Drivers/STM32F1xx_HAL_Driver/Src/stm32f1xx_hal_dma.o
 .text.HAL_DMA_IRQHandler
                0x0000000000000000      0x128 ./Drivers/STM32F1xx_HAL_Driver/Src/stm32f1xx_hal_dma.o
 .text.HAL_DMA_RegisterCallback
                0x0000000000000000       0x44 ./Drivers/STM32F1xx_HAL_Driver/Src/stm32f1xx_hal_dma.o
 .text.HAL_DMA_UnRegisterCallback
                0x0000000000000000       0x54 ./Drivers/STM32F1xx_HAL_Driver/Src/stm32f1xx_hal_dma.o
 .text.HAL_DMA_GetState
                0x0000000000000000        0x6 ./Drivers/STM32F1xx_HAL_Driver/Src/stm32f1xx_hal_dma.o
 .text.HAL_DMA_GetError
                0x0000000000000000        0x4 ./Drivers/STM32F1xx_HAL_Driver/Src/stm32f1xx_hal_dma.o
 .comment       0x0000000000000000       0x54 ./Drivers/STM32F1xx_HAL_Driver/Src/stm32f1xx_hal_dma.o
 .ARM.attributes
                0x0000000000000000       0x2d ./Drivers/STM32F1xx_HAL_Driver/Src/stm32f1xx_hal_dma.o
 .text          0x0000000000000000        0x0 ./Drivers/STM32F1xx_HAL_Driver/Src/stm32f1xx_hal_exti.o
 .data          0x0000000000000000        0x0 ./Drivers/STM32F1xx_HAL_Driver/Src/stm32f1xx_hal_exti.o
 .bss           0x0000000000000000        0x0 ./Drivers/STM32F1xx_HAL_Driver/Src/stm32f1xx_hal_exti.o
 .text.HAL_EXTI_SetConfigLine
                0x0000000000000000       0x9c ./Drivers/STM32F1xx_HAL_Driver/Src/stm32f1xx_hal_exti.o
 .text.HAL_EXTI_GetConfigLine
                0x0000000000000000       0x88 ./Drivers/STM32F1xx_HAL_Driver/Src/stm32f1xx_hal_exti.o
 .text.HAL_EXTI_ClearConfigLine
                0x0000000000000000       0x6c ./Drivers/STM32F1xx_HAL_Driver/Src/stm32f1xx_hal_exti.o
 .text.HAL_EXTI_RegisterCallback
                0x0000000000000000        0xe ./Drivers/STM32F1xx_HAL_Driver/Src/stm32f1xx_hal_exti.o
 .text.HAL_EXTI_GetHandle
                0x0000000000000000        0xc ./Drivers/STM32F1xx_HAL_Driver/Src/stm32f1xx_hal_exti.o
 .text.HAL_EXTI_IRQHandler
                0x0000000000000000       0x20 ./Drivers/STM32F1xx_HAL_Driver/Src/stm32f1xx_hal_exti.o
 .text.HAL_EXTI_GetPending
                0x0000000000000000       0x1c ./Drivers/STM32F1xx_HAL_Driver/Src/stm32f1xx_hal_exti.o
 .text.HAL_EXTI_ClearPending
                0x0000000000000000       0x14 ./Drivers/STM32F1xx_HAL_Driver/Src/stm32f1xx_hal_exti.o
 .text.HAL_EXTI_GenerateSWI
                0x0000000000000000       0x14 ./Drivers/STM32F1xx_HAL_Driver/Src/stm32f1xx_hal_exti.o
 .comment       0x0000000000000000       0x54 ./Drivers/STM32F1xx_HAL_Driver/Src/stm32f1xx_hal_exti.o
 .ARM.attributes
                0x0000000000000000       0x2d ./Drivers/STM32F1xx_HAL_Driver/Src/stm32f1xx_hal_exti.o
 .text          0x0000000000000000        0x0 ./Drivers/STM32F1xx_HAL_Driver/Src/stm32f1xx_hal_flash.o
 .data          0x0000000000000000        0x0 ./Drivers/STM32F1xx_HAL_Driver/Src/stm32f1xx_hal_flash.o
 .bss           0x0000000000000000        0x0 ./Drivers/STM32F1xx_HAL_Driver/Src/stm32f1xx_hal_flash.o
 .text.FLASH_SetErrorCode
                0x0000000000000000       0x50 ./Drivers/STM32F1xx_HAL_Driver/Src/stm32f1xx_hal_flash.o
 .text.HAL_FLASH_Program_IT
                0x0000000000000000       0x5c ./Drivers/STM32F1xx_HAL_Driver/Src/stm32f1xx_hal_flash.o
 .text.HAL_FLASH_EndOfOperationCallback
                0x0000000000000000        0x2 ./Drivers/STM32F1xx_HAL_Driver/Src/stm32f1xx_hal_flash.o
 .text.HAL_FLASH_OperationErrorCallback
                0x0000000000000000        0x2 ./Drivers/STM32F1xx_HAL_Driver/Src/stm32f1xx_hal_flash.o
 .text.HAL_FLASH_IRQHandler
                0x0000000000000000      0x114 ./Drivers/STM32F1xx_HAL_Driver/Src/stm32f1xx_hal_flash.o
 .text.HAL_FLASH_Unlock
                0x0000000000000000       0x24 ./Drivers/STM32F1xx_HAL_Driver/Src/stm32f1xx_hal_flash.o
 .text.HAL_FLASH_Lock
                0x0000000000000000       0x14 ./Drivers/STM32F1xx_HAL_Driver/Src/stm32f1xx_hal_flash.o
 .text.HAL_FLASH_OB_Unlock
                0x0000000000000000       0x24 ./Drivers/STM32F1xx_HAL_Driver/Src/stm32f1xx_hal_flash.o
 .text.HAL_FLASH_OB_Lock
                0x0000000000000000       0x14 ./Drivers/STM32F1xx_HAL_Driver/Src/stm32f1xx_hal_flash.o
 .text.HAL_FLASH_OB_Launch
                0x0000000000000000        0x4 ./Drivers/STM32F1xx_HAL_Driver/Src/stm32f1xx_hal_flash.o
 .text.HAL_FLASH_GetError
                0x0000000000000000        0xc ./Drivers/STM32F1xx_HAL_Driver/Src/stm32f1xx_hal_flash.o
 .text.FLASH_WaitForLastOperation
                0x0000000000000000       0x54 ./Drivers/STM32F1xx_HAL_Driver/Src/stm32f1xx_hal_flash.o
 .text.HAL_FLASH_Program
                0x0000000000000000       0xa4 ./Drivers/STM32F1xx_HAL_Driver/Src/stm32f1xx_hal_flash.o
 .comment       0x0000000000000000       0x54 ./Drivers/STM32F1xx_HAL_Driver/Src/stm32f1xx_hal_flash.o
 .ARM.attributes
                0x0000000000000000       0x2d ./Drivers/STM32F1xx_HAL_Driver/Src/stm32f1xx_hal_flash.o
 COMMON         0x0000000000000000       0x20 ./Drivers/STM32F1xx_HAL_Driver/Src/stm32f1xx_hal_flash.o
 .text          0x0000000000000000        0x0 ./Drivers/STM32F1xx_HAL_Driver/Src/stm32f1xx_hal_flash_ex.o
 .data          0x0000000000000000        0x0 ./Drivers/STM32F1xx_HAL_Driver/Src/stm32f1xx_hal_flash_ex.o
 .bss           0x0000000000000000        0x0 ./Drivers/STM32F1xx_HAL_Driver/Src/stm32f1xx_hal_flash_ex.o
 .text.FLASH_MassErase.isra.0
                0x0000000000000000       0x24 ./Drivers/STM32F1xx_HAL_Driver/Src/stm32f1xx_hal_flash_ex.o
 .text.FLASH_OB_RDP_LevelConfig
                0x0000000000000000       0x64 ./Drivers/STM32F1xx_HAL_Driver/Src/stm32f1xx_hal_flash_ex.o
 .text.HAL_FLASHEx_OBErase
                0x0000000000000000       0x54 ./Drivers/STM32F1xx_HAL_Driver/Src/stm32f1xx_hal_flash_ex.o
 .text.HAL_FLASHEx_OBProgram
                0x0000000000000000      0x134 ./Drivers/STM32F1xx_HAL_Driver/Src/stm32f1xx_hal_flash_ex.o
 .text.HAL_FLASHEx_OBGetConfig
                0x0000000000000000       0x28 ./Drivers/STM32F1xx_HAL_Driver/Src/stm32f1xx_hal_flash_ex.o
 .text.HAL_FLASHEx_OBGetUserData
                0x0000000000000000       0x1c ./Drivers/STM32F1xx_HAL_Driver/Src/stm32f1xx_hal_flash_ex.o
 .text.FLASH_PageErase
                0x0000000000000000       0x24 ./Drivers/STM32F1xx_HAL_Driver/Src/stm32f1xx_hal_flash_ex.o
 .text.HAL_FLASHEx_Erase
                0x0000000000000000       0x98 ./Drivers/STM32F1xx_HAL_Driver/Src/stm32f1xx_hal_flash_ex.o
 .text.HAL_FLASHEx_Erase_IT
                0x0000000000000000       0x50 ./Drivers/STM32F1xx_HAL_Driver/Src/stm32f1xx_hal_flash_ex.o
 .comment       0x0000000000000000       0x54 ./Drivers/STM32F1xx_HAL_Driver/Src/stm32f1xx_hal_flash_ex.o
 .ARM.attributes
                0x0000000000000000       0x2d ./Drivers/STM32F1xx_HAL_Driver/Src/stm32f1xx_hal_flash_ex.o
 .text          0x0000000000000000        0x0 ./Drivers/STM32F1xx_HAL_Driver/Src/stm32f1xx_hal_gpio.o
 .data          0x0000000000000000        0x0 ./Drivers/STM32F1xx_HAL_Driver/Src/stm32f1xx_hal_gpio.o
 .bss           0x0000000000000000        0x0 ./Drivers/STM32F1xx_HAL_Driver/Src/stm32f1xx_hal_gpio.o
 .text.HAL_GPIO_DeInit
                0x0000000000000000       0xd0 ./Drivers/STM32F1xx_HAL_Driver/Src/stm32f1xx_hal_gpio.o
 .text.HAL_GPIO_LockPin
                0x0000000000000000       0x2a ./Drivers/STM32F1xx_HAL_Driver/Src/stm32f1xx_hal_gpio.o
 .text.HAL_GPIO_EXTI_Callback
                0x0000000000000000        0x2 ./Drivers/STM32F1xx_HAL_Driver/Src/stm32f1xx_hal_gpio.o
 .text.HAL_GPIO_EXTI_IRQHandler
                0x0000000000000000       0x18 ./Drivers/STM32F1xx_HAL_Driver/Src/stm32f1xx_hal_gpio.o
 .text          0x0000000000000000        0x0 ./Drivers/STM32F1xx_HAL_Driver/Src/stm32f1xx_hal_gpio_ex.o
 .data          0x0000000000000000        0x0 ./Drivers/STM32F1xx_HAL_Driver/Src/stm32f1xx_hal_gpio_ex.o
 .bss           0x0000000000000000        0x0 ./Drivers/STM32F1xx_HAL_Driver/Src/stm32f1xx_hal_gpio_ex.o
 .text.HAL_GPIOEx_ConfigEventout
                0x0000000000000000       0x14 ./Drivers/STM32F1xx_HAL_Driver/Src/stm32f1xx_hal_gpio_ex.o
 .text.HAL_GPIOEx_EnableEventout
                0x0000000000000000       0x10 ./Drivers/STM32F1xx_HAL_Driver/Src/stm32f1xx_hal_gpio_ex.o
 .text.HAL_GPIOEx_DisableEventout
                0x0000000000000000       0x10 ./Drivers/STM32F1xx_HAL_Driver/Src/stm32f1xx_hal_gpio_ex.o
 .comment       0x0000000000000000       0x54 ./Drivers/STM32F1xx_HAL_Driver/Src/stm32f1xx_hal_gpio_ex.o
 .ARM.attributes
                0x0000000000000000       0x2d ./Drivers/STM32F1xx_HAL_Driver/Src/stm32f1xx_hal_gpio_ex.o
 .text          0x0000000000000000        0x0 ./Drivers/STM32F1xx_HAL_Driver/Src/stm32f1xx_hal_pwr.o
 .data          0x0000000000000000        0x0 ./Drivers/STM32F1xx_HAL_Driver/Src/stm32f1xx_hal_pwr.o
 .bss           0x0000000000000000        0x0 ./Drivers/STM32F1xx_HAL_Driver/Src/stm32f1xx_hal_pwr.o
 .text.PWR_OverloadWfe
                0x0000000000000000        0x6 ./Drivers/STM32F1xx_HAL_Driver/Src/stm32f1xx_hal_pwr.o
 .text.HAL_PWR_DeInit
                0x0000000000000000       0x18 ./Drivers/STM32F1xx_HAL_Driver/Src/stm32f1xx_hal_pwr.o
 .text.HAL_PWR_EnableBkUpAccess
                0x0000000000000000        0xc ./Drivers/STM32F1xx_HAL_Driver/Src/stm32f1xx_hal_pwr.o
 .text.HAL_PWR_DisableBkUpAccess
                0x0000000000000000        0xc ./Drivers/STM32F1xx_HAL_Driver/Src/stm32f1xx_hal_pwr.o
 .text.HAL_PWR_ConfigPVD
                0x0000000000000000       0x6c ./Drivers/STM32F1xx_HAL_Driver/Src/stm32f1xx_hal_pwr.o
 .text.HAL_PWR_EnablePVD
                0x0000000000000000        0xc ./Drivers/STM32F1xx_HAL_Driver/Src/stm32f1xx_hal_pwr.o
 .text.HAL_PWR_DisablePVD
                0x0000000000000000        0xc ./Drivers/STM32F1xx_HAL_Driver/Src/stm32f1xx_hal_pwr.o
 .text.HAL_PWR_EnableWakeUpPin
                0x0000000000000000       0x18 ./Drivers/STM32F1xx_HAL_Driver/Src/stm32f1xx_hal_pwr.o
 .text.HAL_PWR_DisableWakeUpPin
                0x0000000000000000       0x18 ./Drivers/STM32F1xx_HAL_Driver/Src/stm32f1xx_hal_pwr.o
 .text.HAL_PWR_EnterSLEEPMode
                0x0000000000000000       0x20 ./Drivers/STM32F1xx_HAL_Driver/Src/stm32f1xx_hal_pwr.o
 .text.HAL_PWR_EnterSTOPMode
                0x0000000000000000       0x48 ./Drivers/STM32F1xx_HAL_Driver/Src/stm32f1xx_hal_pwr.o
 .text.HAL_PWR_EnterSTANDBYMode
                0x0000000000000000       0x20 ./Drivers/STM32F1xx_HAL_Driver/Src/stm32f1xx_hal_pwr.o
 .text.HAL_PWR_EnableSleepOnExit
                0x0000000000000000       0x10 ./Drivers/STM32F1xx_HAL_Driver/Src/stm32f1xx_hal_pwr.o
 .text.HAL_PWR_DisableSleepOnExit
                0x0000000000000000       0x10 ./Drivers/STM32F1xx_HAL_Driver/Src/stm32f1xx_hal_pwr.o
 .text.HAL_PWR_EnableSEVOnPend
                0x0000000000000000       0x10 ./Drivers/STM32F1xx_HAL_Driver/Src/stm32f1xx_hal_pwr.o
 .text.HAL_PWR_DisableSEVOnPend
                0x0000000000000000       0x10 ./Drivers/STM32F1xx_HAL_Driver/Src/stm32f1xx_hal_pwr.o
 .text.HAL_PWR_PVDCallback
                0x0000000000000000        0x2 ./Drivers/STM32F1xx_HAL_Driver/Src/stm32f1xx_hal_pwr.o
 .text.HAL_PWR_PVD_IRQHandler
                0x0000000000000000       0x1c ./Drivers/STM32F1xx_HAL_Driver/Src/stm32f1xx_hal_pwr.o
 .comment       0x0000000000000000       0x54 ./Drivers/STM32F1xx_HAL_Driver/Src/stm32f1xx_hal_pwr.o
 .ARM.attributes
                0x0000000000000000       0x2d ./Drivers/STM32F1xx_HAL_Driver/Src/stm32f1xx_hal_pwr.o
 .text          0x0000000000000000        0x0 ./Drivers/STM32F1xx_HAL_Driver/Src/stm32f1xx_hal_rcc.o
 .data          0x0000000000000000        0x0 ./Drivers/STM32F1xx_HAL_Driver/Src/stm32f1xx_hal_rcc.o
 .bss           0x0000000000000000        0x0 ./Drivers/STM32F1xx_HAL_Driver/Src/stm32f1xx_hal_rcc.o
 .text.HAL_RCC_DeInit
                0x0000000000000000       0xd8 ./Drivers/STM32F1xx_HAL_Driver/Src/stm32f1xx_hal_rcc.o
 .text.HAL_RCC_MCOConfig
                0x0000000000000000       0x4c ./Drivers/STM32F1xx_HAL_Driver/Src/stm32f1xx_hal_rcc.o
 .text.HAL_RCC_EnableCSS
                0x0000000000000000        0xc ./Drivers/STM32F1xx_HAL_Driver/Src/stm32f1xx_hal_rcc.o
 .text.HAL_RCC_DisableCSS
                0x0000000000000000        0xc ./Drivers/STM32F1xx_HAL_Driver/Src/stm32f1xx_hal_rcc.o
 .text.HAL_RCC_GetHCLKFreq
                0x0000000000000000        0xc ./Drivers/STM32F1xx_HAL_Driver/Src/stm32f1xx_hal_rcc.o
 .text.HAL_RCC_GetPCLK1Freq
                0x0000000000000000       0x20 ./Drivers/STM32F1xx_HAL_Driver/Src/stm32f1xx_hal_rcc.o
 .text.HAL_RCC_GetPCLK2Freq
                0x0000000000000000       0x20 ./Drivers/STM32F1xx_HAL_Driver/Src/stm32f1xx_hal_rcc.o
 .text.HAL_RCC_GetOscConfig
                0x0000000000000000       0x7c ./Drivers/STM32F1xx_HAL_Driver/Src/stm32f1xx_hal_rcc.o
 .text.HAL_RCC_GetClockConfig
                0x0000000000000000       0x3c ./Drivers/STM32F1xx_HAL_Driver/Src/stm32f1xx_hal_rcc.o
 .text.HAL_RCC_CSSCallback
                0x0000000000000000        0x2 ./Drivers/STM32F1xx_HAL_Driver/Src/stm32f1xx_hal_rcc.o
 .text.HAL_RCC_NMI_IRQHandler
                0x0000000000000000       0x20 ./Drivers/STM32F1xx_HAL_Driver/Src/stm32f1xx_hal_rcc.o
 .text          0x0000000000000000        0x0 ./Drivers/STM32F1xx_HAL_Driver/Src/stm32f1xx_hal_rcc_ex.o
 .data          0x0000000000000000        0x0 ./Drivers/STM32F1xx_HAL_Driver/Src/stm32f1xx_hal_rcc_ex.o
 .bss           0x0000000000000000        0x0 ./Drivers/STM32F1xx_HAL_Driver/Src/stm32f1xx_hal_rcc_ex.o
 .text.HAL_RCCEx_PeriphCLKConfig
                0x0000000000000000       0xf0 ./Drivers/STM32F1xx_HAL_Driver/Src/stm32f1xx_hal_rcc_ex.o
 .text.HAL_RCCEx_GetPeriphCLKConfig
                0x0000000000000000       0x24 ./Drivers/STM32F1xx_HAL_Driver/Src/stm32f1xx_hal_rcc_ex.o
 .text.HAL_RCCEx_GetPeriphCLKFreq
                0x0000000000000000       0xbc ./Drivers/STM32F1xx_HAL_Driver/Src/stm32f1xx_hal_rcc_ex.o
 .rodata.aPLLMULFactorTable.5967
                0x0000000000000000       0x10 ./Drivers/STM32F1xx_HAL_Driver/Src/stm32f1xx_hal_rcc_ex.o
 .rodata.aPredivFactorTable.5968
                0x0000000000000000        0x2 ./Drivers/STM32F1xx_HAL_Driver/Src/stm32f1xx_hal_rcc_ex.o
 .comment       0x0000000000000000       0x54 ./Drivers/STM32F1xx_HAL_Driver/Src/stm32f1xx_hal_rcc_ex.o
 .ARM.attributes
                0x0000000000000000       0x2d ./Drivers/STM32F1xx_HAL_Driver/Src/stm32f1xx_hal_rcc_ex.o
 .text          0x0000000000000000        0x0 ./Drivers/STM32F1xx_HAL_Driver/Src/stm32f1xx_hal_tim.o
 .data          0x0000000000000000        0x0 ./Drivers/STM32F1xx_HAL_Driver/Src/stm32f1xx_hal_tim.o
 .bss           0x0000000000000000        0x0 ./Drivers/STM32F1xx_HAL_Driver/Src/stm32f1xx_hal_tim.o
 .text.TIM_OC1_SetConfig
                0x0000000000000000       0x50 ./Drivers/STM32F1xx_HAL_Driver/Src/stm32f1xx_hal_tim.o
 .text.TIM_OC3_SetConfig
                0x0000000000000000       0x54 ./Drivers/STM32F1xx_HAL_Driver/Src/stm32f1xx_hal_tim.o
 .text.TIM_OC4_SetConfig
                0x0000000000000000       0x44 ./Drivers/STM32F1xx_HAL_Driver/Src/stm32f1xx_hal_tim.o
 .text.HAL_TIM_Base_MspInit
                0x0000000000000000        0x2 ./Drivers/STM32F1xx_HAL_Driver/Src/stm32f1xx_hal_tim.o
 .text.HAL_TIM_Base_MspDeInit
                0x0000000000000000        0x2 ./Drivers/STM32F1xx_HAL_Driver/Src/stm32f1xx_hal_tim.o
 .text.HAL_TIM_Base_DeInit
                0x0000000000000000       0x5e ./Drivers/STM32F1xx_HAL_Driver/Src/stm32f1xx_hal_tim.o
 .text.HAL_TIM_Base_Start
                0x0000000000000000       0x44 ./Drivers/STM32F1xx_HAL_Driver/Src/stm32f1xx_hal_tim.o
 .text.HAL_TIM_Base_Stop
                0x0000000000000000       0x28 ./Drivers/STM32F1xx_HAL_Driver/Src/stm32f1xx_hal_tim.o
 .text.HAL_TIM_Base_Stop_IT
                0x0000000000000000       0x30 ./Drivers/STM32F1xx_HAL_Driver/Src/stm32f1xx_hal_tim.o
 .text.HAL_TIM_Base_Start_DMA
                0x0000000000000000       0x88 ./Drivers/STM32F1xx_HAL_Driver/Src/stm32f1xx_hal_tim.o
 .text.HAL_TIM_Base_Stop_DMA
                0x0000000000000000       0x3c ./Drivers/STM32F1xx_HAL_Driver/Src/stm32f1xx_hal_tim.o
 .text.HAL_TIM_OC_MspInit
                0x0000000000000000        0x2 ./Drivers/STM32F1xx_HAL_Driver/Src/stm32f1xx_hal_tim.o
 .text.HAL_TIM_OC_MspDeInit
                0x0000000000000000        0x2 ./Drivers/STM32F1xx_HAL_Driver/Src/stm32f1xx_hal_tim.o
 .text.HAL_TIM_OC_DeInit
                0x0000000000000000       0x5e ./Drivers/STM32F1xx_HAL_Driver/Src/stm32f1xx_hal_tim.o
 .text.HAL_TIM_PWM_MspInit
                0x0000000000000000        0x2 ./Drivers/STM32F1xx_HAL_Driver/Src/stm32f1xx_hal_tim.o
 .text.HAL_TIM_PWM_MspDeInit
                0x0000000000000000        0x2 ./Drivers/STM32F1xx_HAL_Driver/Src/stm32f1xx_hal_tim.o
 .text.HAL_TIM_PWM_DeInit
                0x0000000000000000       0x5e ./Drivers/STM32F1xx_HAL_Driver/Src/stm32f1xx_hal_tim.o
 .text.HAL_TIM_IC_MspInit
                0x0000000000000000        0x2 ./Drivers/STM32F1xx_HAL_Driver/Src/stm32f1xx_hal_tim.o
 .text.HAL_TIM_IC_MspDeInit
                0x0000000000000000        0x2 ./Drivers/STM32F1xx_HAL_Driver/Src/stm32f1xx_hal_tim.o
 .text.HAL_TIM_IC_DeInit
                0x0000000000000000       0x5e ./Drivers/STM32F1xx_HAL_Driver/Src/stm32f1xx_hal_tim.o
 .text.HAL_TIM_OnePulse_MspInit
                0x0000000000000000        0x2 ./Drivers/STM32F1xx_HAL_Driver/Src/stm32f1xx_hal_tim.o
 .text.HAL_TIM_OnePulse_MspDeInit
                0x0000000000000000        0x2 ./Drivers/STM32F1xx_HAL_Driver/Src/stm32f1xx_hal_tim.o
 .text.HAL_TIM_OnePulse_DeInit
                0x0000000000000000       0x4e ./Drivers/STM32F1xx_HAL_Driver/Src/stm32f1xx_hal_tim.o
 .text.HAL_TIM_OnePulse_Start
                0x0000000000000000       0x78 ./Drivers/STM32F1xx_HAL_Driver/Src/stm32f1xx_hal_tim.o
 .text.HAL_TIM_OnePulse_Stop
                0x0000000000000000       0x74 ./Drivers/STM32F1xx_HAL_Driver/Src/stm32f1xx_hal_tim.o
 .text.HAL_TIM_OnePulse_Start_IT
                0x0000000000000000       0x88 ./Drivers/STM32F1xx_HAL_Driver/Src/stm32f1xx_hal_tim.o
 .text.HAL_TIM_OnePulse_Stop_IT
                0x0000000000000000       0x84 ./Drivers/STM32F1xx_HAL_Driver/Src/stm32f1xx_hal_tim.o
 .text.HAL_TIM_Encoder_MspInit
                0x0000000000000000        0x2 ./Drivers/STM32F1xx_HAL_Driver/Src/stm32f1xx_hal_tim.o
 .text.HAL_TIM_Encoder_MspDeInit
                0x0000000000000000        0x2 ./Drivers/STM32F1xx_HAL_Driver/Src/stm32f1xx_hal_tim.o
 .text.HAL_TIM_Encoder_DeInit
                0x0000000000000000       0x4e ./Drivers/STM32F1xx_HAL_Driver/Src/stm32f1xx_hal_tim.o
 .text.HAL_TIM_Encoder_Start
                0x0000000000000000       0xb6 ./Drivers/STM32F1xx_HAL_Driver/Src/stm32f1xx_hal_tim.o
 .text.HAL_TIM_Encoder_Stop
                0x0000000000000000       0x72 ./Drivers/STM32F1xx_HAL_Driver/Src/stm32f1xx_hal_tim.o
 .text.HAL_TIM_Encoder_Start_IT
                0x0000000000000000       0xde ./Drivers/STM32F1xx_HAL_Driver/Src/stm32f1xx_hal_tim.o
 .text.HAL_TIM_Encoder_Stop_IT
                0x0000000000000000       0x98 ./Drivers/STM32F1xx_HAL_Driver/Src/stm32f1xx_hal_tim.o
 .text.HAL_TIM_Encoder_Start_DMA
                0x0000000000000000      0x1b4 ./Drivers/STM32F1xx_HAL_Driver/Src/stm32f1xx_hal_tim.o
 .text.HAL_TIM_Encoder_Stop_DMA
                0x0000000000000000       0xb6 ./Drivers/STM32F1xx_HAL_Driver/Src/stm32f1xx_hal_tim.o
 .text.HAL_TIM_DMABurst_MultiWriteStart
                0x0000000000000000       0xd4 ./Drivers/STM32F1xx_HAL_Driver/Src/stm32f1xx_hal_tim.o
 .text.HAL_TIM_DMABurst_WriteStart
                0x0000000000000000       0x14 ./Drivers/STM32F1xx_HAL_Driver/Src/stm32f1xx_hal_tim.o
 .text.HAL_TIM_DMABurst_WriteStop
                0x0000000000000000       0x68 ./Drivers/STM32F1xx_HAL_Driver/Src/stm32f1xx_hal_tim.o
 .text.HAL_TIM_DMABurst_MultiReadStart
                0x0000000000000000       0xd4 ./Drivers/STM32F1xx_HAL_Driver/Src/stm32f1xx_hal_tim.o
 .text.HAL_TIM_DMABurst_ReadStart
                0x0000000000000000       0x14 ./Drivers/STM32F1xx_HAL_Driver/Src/stm32f1xx_hal_tim.o
 .text.HAL_TIM_DMABurst_ReadStop
                0x0000000000000000        0x4 ./Drivers/STM32F1xx_HAL_Driver/Src/stm32f1xx_hal_tim.o
 .text.HAL_TIM_GenerateEvent
                0x0000000000000000       0x24 ./Drivers/STM32F1xx_HAL_Driver/Src/stm32f1xx_hal_tim.o
 .text.HAL_TIM_ConfigTI1Input
                0x0000000000000000       0x10 ./Drivers/STM32F1xx_HAL_Driver/Src/stm32f1xx_hal_tim.o
 .text.HAL_TIM_ReadCapturedValue
                0x0000000000000000       0x2c ./Drivers/STM32F1xx_HAL_Driver/Src/stm32f1xx_hal_tim.o
 .text.HAL_TIM_PeriodElapsedCallback
                0x0000000000000000        0x2 ./Drivers/STM32F1xx_HAL_Driver/Src/stm32f1xx_hal_tim.o
 .text.TIM_DMAPeriodElapsedCplt
                0x0000000000000000       0x16 ./Drivers/STM32F1xx_HAL_Driver/Src/stm32f1xx_hal_tim.o
 .text.HAL_TIM_PeriodElapsedHalfCpltCallback
                0x0000000000000000        0x2 ./Drivers/STM32F1xx_HAL_Driver/Src/stm32f1xx_hal_tim.o
 .text.TIM_DMAPeriodElapsedHalfCplt
                0x0000000000000000        0xa ./Drivers/STM32F1xx_HAL_Driver/Src/stm32f1xx_hal_tim.o
 .text.TIM_DMACaptureCplt
                0x0000000000000000       0x7a ./Drivers/STM32F1xx_HAL_Driver/Src/stm32f1xx_hal_tim.o
 .text.HAL_TIM_IC_CaptureHalfCpltCallback
                0x0000000000000000        0x2 ./Drivers/STM32F1xx_HAL_Driver/Src/stm32f1xx_hal_tim.o
 .text.TIM_DMACaptureHalfCplt
                0x0000000000000000       0x38 ./Drivers/STM32F1xx_HAL_Driver/Src/stm32f1xx_hal_tim.o
 .text.TIM_DMADelayPulseCplt
                0x0000000000000000       0x6a ./Drivers/STM32F1xx_HAL_Driver/Src/stm32f1xx_hal_tim.o
 .text.HAL_TIM_PWM_PulseFinishedHalfCpltCallback
                0x0000000000000000        0x2 ./Drivers/STM32F1xx_HAL_Driver/Src/stm32f1xx_hal_tim.o
 .text.TIM_DMADelayPulseHalfCplt
                0x0000000000000000       0x38 ./Drivers/STM32F1xx_HAL_Driver/Src/stm32f1xx_hal_tim.o
 .text.TIM_DMATriggerCplt
                0x0000000000000000       0x16 ./Drivers/STM32F1xx_HAL_Driver/Src/stm32f1xx_hal_tim.o
 .text.HAL_TIM_TriggerHalfCpltCallback
                0x0000000000000000        0x2 ./Drivers/STM32F1xx_HAL_Driver/Src/stm32f1xx_hal_tim.o
 .text.TIM_DMATriggerHalfCplt
                0x0000000000000000        0xa ./Drivers/STM32F1xx_HAL_Driver/Src/stm32f1xx_hal_tim.o
 .text.HAL_TIM_ErrorCallback
                0x0000000000000000        0x2 ./Drivers/STM32F1xx_HAL_Driver/Src/stm32f1xx_hal_tim.o
 .text.TIM_DMAError
                0x0000000000000000       0x58 ./Drivers/STM32F1xx_HAL_Driver/Src/stm32f1xx_hal_tim.o
 .text.HAL_TIM_Base_GetState
                0x0000000000000000        0x6 ./Drivers/STM32F1xx_HAL_Driver/Src/stm32f1xx_hal_tim.o
 .text.HAL_TIM_OC_GetState
                0x0000000000000000        0x6 ./Drivers/STM32F1xx_HAL_Driver/Src/stm32f1xx_hal_tim.o
 .text.HAL_TIM_PWM_GetState
                0x0000000000000000        0x6 ./Drivers/STM32F1xx_HAL_Driver/Src/stm32f1xx_hal_tim.o
 .text.HAL_TIM_IC_GetState
                0x0000000000000000        0x6 ./Drivers/STM32F1xx_HAL_Driver/Src/stm32f1xx_hal_tim.o
 .text.HAL_TIM_OnePulse_GetState
                0x0000000000000000        0x6 ./Drivers/STM32F1xx_HAL_Driver/Src/stm32f1xx_hal_tim.o
 .text.HAL_TIM_Encoder_GetState
                0x0000000000000000        0x6 ./Drivers/STM32F1xx_HAL_Driver/Src/stm32f1xx_hal_tim.o
 .text.HAL_TIM_GetActiveChannel
                0x0000000000000000        0x4 ./Drivers/STM32F1xx_HAL_Driver/Src/stm32f1xx_hal_tim.o
 .text.HAL_TIM_GetChannelState
                0x0000000000000000       0x22 ./Drivers/STM32F1xx_HAL_Driver/Src/stm32f1xx_hal_tim.o
 .text.HAL_TIM_DMABurstState
                0x0000000000000000        0x6 ./Drivers/STM32F1xx_HAL_Driver/Src/stm32f1xx_hal_tim.o
 .text.HAL_TIM_OC_Init
                0x0000000000000000       0x58 ./Drivers/STM32F1xx_HAL_Driver/Src/stm32f1xx_hal_tim.o
 .text.HAL_TIM_PWM_Init
                0x0000000000000000       0x58 ./Drivers/STM32F1xx_HAL_Driver/Src/stm32f1xx_hal_tim.o
 .text.HAL_TIM_IC_Init
                0x0000000000000000       0x58 ./Drivers/STM32F1xx_HAL_Driver/Src/stm32f1xx_hal_tim.o
 .text.HAL_TIM_OnePulse_Init
                0x0000000000000000       0x5a ./Drivers/STM32F1xx_HAL_Driver/Src/stm32f1xx_hal_tim.o
 .text.HAL_TIM_Encoder_Init
                0x0000000000000000       0xaa ./Drivers/STM32F1xx_HAL_Driver/Src/stm32f1xx_hal_tim.o
 .text.TIM_OC2_SetConfig
                0x0000000000000000       0x58 ./Drivers/STM32F1xx_HAL_Driver/Src/stm32f1xx_hal_tim.o
 .text.HAL_TIM_OC_ConfigChannel
                0x0000000000000000       0x50 ./Drivers/STM32F1xx_HAL_Driver/Src/stm32f1xx_hal_tim.o
 .text.HAL_TIM_PWM_ConfigChannel
                0x0000000000000000       0xb8 ./Drivers/STM32F1xx_HAL_Driver/Src/stm32f1xx_hal_tim.o
 .text.TIM_TI1_SetConfig
                0x0000000000000000       0x4c ./Drivers/STM32F1xx_HAL_Driver/Src/stm32f1xx_hal_tim.o
 .text.HAL_TIM_IC_ConfigChannel
                0x0000000000000000      0x124 ./Drivers/STM32F1xx_HAL_Driver/Src/stm32f1xx_hal_tim.o
 .text.HAL_TIM_OnePulse_ConfigChannel
                0x0000000000000000      0x10a ./Drivers/STM32F1xx_HAL_Driver/Src/stm32f1xx_hal_tim.o
 .text.HAL_TIM_ConfigOCrefClear
                0x0000000000000000       0xc4 ./Drivers/STM32F1xx_HAL_Driver/Src/stm32f1xx_hal_tim.o
 .text.TIM_SlaveTimer_SetConfig
                0x0000000000000000       0xc0 ./Drivers/STM32F1xx_HAL_Driver/Src/stm32f1xx_hal_tim.o
 .text.HAL_TIM_SlaveConfigSynchro
                0x0000000000000000       0x4e ./Drivers/STM32F1xx_HAL_Driver/Src/stm32f1xx_hal_tim.o
 .text.HAL_TIM_SlaveConfigSynchro_IT
                0x0000000000000000       0x4e ./Drivers/STM32F1xx_HAL_Driver/Src/stm32f1xx_hal_tim.o
 .text.TIM_CCxChannelCmd
                0x0000000000000000       0x1c ./Drivers/STM32F1xx_HAL_Driver/Src/stm32f1xx_hal_tim.o
 .text.HAL_TIM_OC_Start
                0x0000000000000000       0x94 ./Drivers/STM32F1xx_HAL_Driver/Src/stm32f1xx_hal_tim.o
 .text.HAL_TIM_PWM_Start
                0x0000000000000000        0x4 ./Drivers/STM32F1xx_HAL_Driver/Src/stm32f1xx_hal_tim.o
 .text.HAL_TIM_OC_Stop
                0x0000000000000000       0x78 ./Drivers/STM32F1xx_HAL_Driver/Src/stm32f1xx_hal_tim.o
 .text.HAL_TIM_PWM_Stop
                0x0000000000000000        0x4 ./Drivers/STM32F1xx_HAL_Driver/Src/stm32f1xx_hal_tim.o
 .text.HAL_TIM_OC_Start_IT
                0x0000000000000000       0xbc ./Drivers/STM32F1xx_HAL_Driver/Src/stm32f1xx_hal_tim.o
 .text.HAL_TIM_PWM_Start_IT
                0x0000000000000000        0x4 ./Drivers/STM32F1xx_HAL_Driver/Src/stm32f1xx_hal_tim.o
 .text.HAL_TIM_OC_Stop_IT
                0x0000000000000000       0xb4 ./Drivers/STM32F1xx_HAL_Driver/Src/stm32f1xx_hal_tim.o
 .text.HAL_TIM_PWM_Stop_IT
                0x0000000000000000        0x4 ./Drivers/STM32F1xx_HAL_Driver/Src/stm32f1xx_hal_tim.o
 .text.HAL_TIM_OC_Start_DMA
                0x0000000000000000      0x168 ./Drivers/STM32F1xx_HAL_Driver/Src/stm32f1xx_hal_tim.o
 .text.HAL_TIM_PWM_Start_DMA
                0x0000000000000000        0x4 ./Drivers/STM32F1xx_HAL_Driver/Src/stm32f1xx_hal_tim.o
 .text.HAL_TIM_OC_Stop_DMA
                0x0000000000000000       0xc8 ./Drivers/STM32F1xx_HAL_Driver/Src/stm32f1xx_hal_tim.o
 .text.HAL_TIM_PWM_Stop_DMA
                0x0000000000000000        0x4 ./Drivers/STM32F1xx_HAL_Driver/Src/stm32f1xx_hal_tim.o
 .text.HAL_TIM_IC_Start
                0x0000000000000000       0xb4 ./Drivers/STM32F1xx_HAL_Driver/Src/stm32f1xx_hal_tim.o
 .text.HAL_TIM_IC_Stop
                0x0000000000000000       0x60 ./Drivers/STM32F1xx_HAL_Driver/Src/stm32f1xx_hal_tim.o
 .text.HAL_TIM_IC_Start_IT
                0x0000000000000000       0xdc ./Drivers/STM32F1xx_HAL_Driver/Src/stm32f1xx_hal_tim.o
 .text.HAL_TIM_IC_Stop_IT
                0x0000000000000000       0x9e ./Drivers/STM32F1xx_HAL_Driver/Src/stm32f1xx_hal_tim.o
 .text.HAL_TIM_IC_Start_DMA
                0x0000000000000000      0x1a8 ./Drivers/STM32F1xx_HAL_Driver/Src/stm32f1xx_hal_tim.o
 .text.HAL_TIM_IC_Stop_DMA
                0x0000000000000000       0xae ./Drivers/STM32F1xx_HAL_Driver/Src/stm32f1xx_hal_tim.o
 .text          0x0000000000000000        0x0 ./Drivers/STM32F1xx_HAL_Driver/Src/stm32f1xx_hal_tim_ex.o
 .data          0x0000000000000000        0x0 ./Drivers/STM32F1xx_HAL_Driver/Src/stm32f1xx_hal_tim_ex.o
 .bss           0x0000000000000000        0x0 ./Drivers/STM32F1xx_HAL_Driver/Src/stm32f1xx_hal_tim_ex.o
 .text.TIM_CCxNChannelCmd
                0x0000000000000000       0x1c ./Drivers/STM32F1xx_HAL_Driver/Src/stm32f1xx_hal_tim_ex.o
 .text.TIM_DMAErrorCCxN
                0x0000000000000000       0x42 ./Drivers/STM32F1xx_HAL_Driver/Src/stm32f1xx_hal_tim_ex.o
 .text.TIM_DMADelayPulseNCplt
                0x0000000000000000       0x6a ./Drivers/STM32F1xx_HAL_Driver/Src/stm32f1xx_hal_tim_ex.o
 .text.HAL_TIMEx_HallSensor_MspInit
                0x0000000000000000        0x2 ./Drivers/STM32F1xx_HAL_Driver/Src/stm32f1xx_hal_tim_ex.o
 .text.HAL_TIMEx_HallSensor_Init
                0x0000000000000000       0xc2 ./Drivers/STM32F1xx_HAL_Driver/Src/stm32f1xx_hal_tim_ex.o
 .text.HAL_TIMEx_HallSensor_MspDeInit
                0x0000000000000000        0x2 ./Drivers/STM32F1xx_HAL_Driver/Src/stm32f1xx_hal_tim_ex.o
 .text.HAL_TIMEx_HallSensor_DeInit
                0x0000000000000000       0x4e ./Drivers/STM32F1xx_HAL_Driver/Src/stm32f1xx_hal_tim_ex.o
 .text.HAL_TIMEx_HallSensor_Start
                0x0000000000000000       0x7c ./Drivers/STM32F1xx_HAL_Driver/Src/stm32f1xx_hal_tim_ex.o
 .text.HAL_TIMEx_HallSensor_Stop
                0x0000000000000000       0x42 ./Drivers/STM32F1xx_HAL_Driver/Src/stm32f1xx_hal_tim_ex.o
 .text.HAL_TIMEx_HallSensor_Start_IT
                0x0000000000000000       0x84 ./Drivers/STM32F1xx_HAL_Driver/Src/stm32f1xx_hal_tim_ex.o
 .text.HAL_TIMEx_HallSensor_Stop_IT
                0x0000000000000000       0x4a ./Drivers/STM32F1xx_HAL_Driver/Src/stm32f1xx_hal_tim_ex.o
 .text.HAL_TIMEx_HallSensor_Start_DMA
                0x0000000000000000       0xa8 ./Drivers/STM32F1xx_HAL_Driver/Src/stm32f1xx_hal_tim_ex.o
 .text.HAL_TIMEx_HallSensor_Stop_DMA
                0x0000000000000000       0x4a ./Drivers/STM32F1xx_HAL_Driver/Src/stm32f1xx_hal_tim_ex.o
 .text.HAL_TIMEx_OCN_Start
                0x0000000000000000       0x90 ./Drivers/STM32F1xx_HAL_Driver/Src/stm32f1xx_hal_tim_ex.o
 .text.HAL_TIMEx_OCN_Stop
                0x0000000000000000       0x6c ./Drivers/STM32F1xx_HAL_Driver/Src/stm32f1xx_hal_tim_ex.o
 .text.HAL_TIMEx_OCN_Start_IT
                0x0000000000000000       0xb4 ./Drivers/STM32F1xx_HAL_Driver/Src/stm32f1xx_hal_tim_ex.o
 .text.HAL_TIMEx_OCN_Stop_IT
                0x0000000000000000       0xb0 ./Drivers/STM32F1xx_HAL_Driver/Src/stm32f1xx_hal_tim_ex.o
 .text.HAL_TIMEx_OCN_Start_DMA
                0x0000000000000000      0x140 ./Drivers/STM32F1xx_HAL_Driver/Src/stm32f1xx_hal_tim_ex.o
 .text.HAL_TIMEx_OCN_Stop_DMA
                0x0000000000000000       0xac ./Drivers/STM32F1xx_HAL_Driver/Src/stm32f1xx_hal_tim_ex.o
 .text.HAL_TIMEx_PWMN_Start
                0x0000000000000000        0x4 ./Drivers/STM32F1xx_HAL_Driver/Src/stm32f1xx_hal_tim_ex.o
 .text.HAL_TIMEx_PWMN_Stop
                0x0000000000000000        0x4 ./Drivers/STM32F1xx_HAL_Driver/Src/stm32f1xx_hal_tim_ex.o
 .text.HAL_TIMEx_PWMN_Start_IT
                0x0000000000000000        0x4 ./Drivers/STM32F1xx_HAL_Driver/Src/stm32f1xx_hal_tim_ex.o
 .text.HAL_TIMEx_PWMN_Stop_IT
                0x0000000000000000        0x4 ./Drivers/STM32F1xx_HAL_Driver/Src/stm32f1xx_hal_tim_ex.o
 .text.HAL_TIMEx_PWMN_Start_DMA
                0x0000000000000000        0x4 ./Drivers/STM32F1xx_HAL_Driver/Src/stm32f1xx_hal_tim_ex.o
 .text.HAL_TIMEx_PWMN_Stop_DMA
                0x0000000000000000        0x4 ./Drivers/STM32F1xx_HAL_Driver/Src/stm32f1xx_hal_tim_ex.o
 .text.HAL_TIMEx_OnePulseN_Start
                0x0000000000000000       0x6c ./Drivers/STM32F1xx_HAL_Driver/Src/stm32f1xx_hal_tim_ex.o
 .text.HAL_TIMEx_OnePulseN_Stop
                0x0000000000000000       0x6e ./Drivers/STM32F1xx_HAL_Driver/Src/stm32f1xx_hal_tim_ex.o
 .text.HAL_TIMEx_OnePulseN_Start_IT
                0x0000000000000000       0x7c ./Drivers/STM32F1xx_HAL_Driver/Src/stm32f1xx_hal_tim_ex.o
 .text.HAL_TIMEx_OnePulseN_Stop_IT
                0x0000000000000000       0x7e ./Drivers/STM32F1xx_HAL_Driver/Src/stm32f1xx_hal_tim_ex.o
 .text.HAL_TIMEx_ConfigCommutEvent
                0x0000000000000000       0x5a ./Drivers/STM32F1xx_HAL_Driver/Src/stm32f1xx_hal_tim_ex.o
 .text.HAL_TIMEx_ConfigCommutEvent_IT
                0x0000000000000000       0x5a ./Drivers/STM32F1xx_HAL_Driver/Src/stm32f1xx_hal_tim_ex.o
 .text.HAL_TIMEx_ConfigCommutEvent_DMA
                0x0000000000000000       0x74 ./Drivers/STM32F1xx_HAL_Driver/Src/stm32f1xx_hal_tim_ex.o
 .text.HAL_TIMEx_ConfigBreakDeadTime
                0x0000000000000000       0x4c ./Drivers/STM32F1xx_HAL_Driver/Src/stm32f1xx_hal_tim_ex.o
 .text.HAL_TIMEx_RemapConfig
                0x0000000000000000        0x4 ./Drivers/STM32F1xx_HAL_Driver/Src/stm32f1xx_hal_tim_ex.o
 .text.TIMEx_DMACommutationCplt
                0x0000000000000000       0x10 ./Drivers/STM32F1xx_HAL_Driver/Src/stm32f1xx_hal_tim_ex.o
 .text.HAL_TIMEx_CommutHalfCpltCallback
                0x0000000000000000        0x2 ./Drivers/STM32F1xx_HAL_Driver/Src/stm32f1xx_hal_tim_ex.o
 .text.TIMEx_DMACommutationHalfCplt
                0x0000000000000000       0x10 ./Drivers/STM32F1xx_HAL_Driver/Src/stm32f1xx_hal_tim_ex.o
 .text.HAL_TIMEx_HallSensor_GetState
                0x0000000000000000        0x6 ./Drivers/STM32F1xx_HAL_Driver/Src/stm32f1xx_hal_tim_ex.o
 .text.HAL_TIMEx_GetChannelNState
                0x0000000000000000       0x22 ./Drivers/STM32F1xx_HAL_Driver/Src/stm32f1xx_hal_tim_ex.o
 .text          0x0000000000000000        0x0 c:/st/stm32cubeide_1.7.0/stm32cubeide/plugins/com.st.stm32cube.ide.mcu.externaltools.gnu-tools-for-stm32.9-2020-q2-update.win32_2.0.0.202105311346/tools/bin/../lib/gcc/arm-none-eabi/9.3.1/../../../../arm-none-eabi/lib/thumb/v7-m/nofp\libc_nano.a(lib_a-errno.o)
 .data          0x0000000000000000        0x0 c:/st/stm32cubeide_1.7.0/stm32cubeide/plugins/com.st.stm32cube.ide.mcu.externaltools.gnu-tools-for-stm32.9-2020-q2-update.win32_2.0.0.202105311346/tools/bin/../lib/gcc/arm-none-eabi/9.3.1/../../../../arm-none-eabi/lib/thumb/v7-m/nofp\libc_nano.a(lib_a-errno.o)
 .bss           0x0000000000000000        0x0 c:/st/stm32cubeide_1.7.0/stm32cubeide/plugins/com.st.stm32cube.ide.mcu.externaltools.gnu-tools-for-stm32.9-2020-q2-update.win32_2.0.0.202105311346/tools/bin/../lib/gcc/arm-none-eabi/9.3.1/../../../../arm-none-eabi/lib/thumb/v7-m/nofp\libc_nano.a(lib_a-errno.o)
 .text.__errno  0x0000000000000000        0xc c:/st/stm32cubeide_1.7.0/stm32cubeide/plugins/com.st.stm32cube.ide.mcu.externaltools.gnu-tools-for-stm32.9-2020-q2-update.win32_2.0.0.202105311346/tools/bin/../lib/gcc/arm-none-eabi/9.3.1/../../../../arm-none-eabi/lib/thumb/v7-m/nofp\libc_nano.a(lib_a-errno.o)
 .debug_frame   0x0000000000000000       0x20 c:/st/stm32cubeide_1.7.0/stm32cubeide/plugins/com.st.stm32cube.ide.mcu.externaltools.gnu-tools-for-stm32.9-2020-q2-update.win32_2.0.0.202105311346/tools/bin/../lib/gcc/arm-none-eabi/9.3.1/../../../../arm-none-eabi/lib/thumb/v7-m/nofp\libc_nano.a(lib_a-errno.o)
 .ARM.attributes
                0x0000000000000000       0x2d c:/st/stm32cubeide_1.7.0/stm32cubeide/plugins/com.st.stm32cube.ide.mcu.externaltools.gnu-tools-for-stm32.9-2020-q2-update.win32_2.0.0.202105311346/tools/bin/../lib/gcc/arm-none-eabi/9.3.1/../../../../arm-none-eabi/lib/thumb/v7-m/nofp\libc_nano.a(lib_a-errno.o)
 .text          0x0000000000000000        0x0 c:/st/stm32cubeide_1.7.0/stm32cubeide/plugins/com.st.stm32cube.ide.mcu.externaltools.gnu-tools-for-stm32.9-2020-q2-update.win32_2.0.0.202105311346/tools/bin/../lib/gcc/arm-none-eabi/9.3.1/../../../../arm-none-eabi/lib/thumb/v7-m/nofp\libc_nano.a(lib_a-exit.o)
 .data          0x0000000000000000        0x0 c:/st/stm32cubeide_1.7.0/stm32cubeide/plugins/com.st.stm32cube.ide.mcu.externaltools.gnu-tools-for-stm32.9-2020-q2-update.win32_2.0.0.202105311346/tools/bin/../lib/gcc/arm-none-eabi/9.3.1/../../../../arm-none-eabi/lib/thumb/v7-m/nofp\libc_nano.a(lib_a-exit.o)
 .bss           0x0000000000000000        0x0 c:/st/stm32cubeide_1.7.0/stm32cubeide/plugins/com.st.stm32cube.ide.mcu.externaltools.gnu-tools-for-stm32.9-2020-q2-update.win32_2.0.0.202105311346/tools/bin/../lib/gcc/arm-none-eabi/9.3.1/../../../../arm-none-eabi/lib/thumb/v7-m/nofp\libc_nano.a(lib_a-exit.o)
 .text.exit     0x0000000000000000       0x28 c:/st/stm32cubeide_1.7.0/stm32cubeide/plugins/com.st.stm32cube.ide.mcu.externaltools.gnu-tools-for-stm32.9-2020-q2-update.win32_2.0.0.202105311346/tools/bin/../lib/gcc/arm-none-eabi/9.3.1/../../../../arm-none-eabi/lib/thumb/v7-m/nofp\libc_nano.a(lib_a-exit.o)
 .debug_frame   0x0000000000000000       0x28 c:/st/stm32cubeide_1.7.0/stm32cubeide/plugins/com.st.stm32cube.ide.mcu.externaltools.gnu-tools-for-stm32.9-2020-q2-update.win32_2.0.0.202105311346/tools/bin/../lib/gcc/arm-none-eabi/9.3.1/../../../../arm-none-eabi/lib/thumb/v7-m/nofp\libc_nano.a(lib_a-exit.o)
 .ARM.attributes
                0x0000000000000000       0x2d c:/st/stm32cubeide_1.7.0/stm32cubeide/plugins/com.st.stm32cube.ide.mcu.externaltools.gnu-tools-for-stm32.9-2020-q2-update.win32_2.0.0.202105311346/tools/bin/../lib/gcc/arm-none-eabi/9.3.1/../../../../arm-none-eabi/lib/thumb/v7-m/nofp\libc_nano.a(lib_a-exit.o)
 .text          0x0000000000000000        0x0 c:/st/stm32cubeide_1.7.0/stm32cubeide/plugins/com.st.stm32cube.ide.mcu.externaltools.gnu-tools-for-stm32.9-2020-q2-update.win32_2.0.0.202105311346/tools/bin/../lib/gcc/arm-none-eabi/9.3.1/../../../../arm-none-eabi/lib/thumb/v7-m/nofp\libc_nano.a(lib_a-impure.o)
 .data          0x0000000000000000        0x0 c:/st/stm32cubeide_1.7.0/stm32cubeide/plugins/com.st.stm32cube.ide.mcu.externaltools.gnu-tools-for-stm32.9-2020-q2-update.win32_2.0.0.202105311346/tools/bin/../lib/gcc/arm-none-eabi/9.3.1/../../../../arm-none-eabi/lib/thumb/v7-m/nofp\libc_nano.a(lib_a-impure.o)
 .bss           0x0000000000000000        0x0 c:/st/stm32cubeide_1.7.0/stm32cubeide/plugins/com.st.stm32cube.ide.mcu.externaltools.gnu-tools-for-stm32.9-2020-q2-update.win32_2.0.0.202105311346/tools/bin/../lib/gcc/arm-none-eabi/9.3.1/../../../../arm-none-eabi/lib/thumb/v7-m/nofp\libc_nano.a(lib_a-impure.o)
 .data._impure_ptr
                0x0000000000000000        0x4 c:/st/stm32cubeide_1.7.0/stm32cubeide/plugins/com.st.stm32cube.ide.mcu.externaltools.gnu-tools-for-stm32.9-2020-q2-update.win32_2.0.0.202105311346/tools/bin/../lib/gcc/arm-none-eabi/9.3.1/../../../../arm-none-eabi/lib/thumb/v7-m/nofp\libc_nano.a(lib_a-impure.o)
 .data.impure_data
                0x0000000000000000       0x60 c:/st/stm32cubeide_1.7.0/stm32cubeide/plugins/com.st.stm32cube.ide.mcu.externaltools.gnu-tools-for-stm32.9-2020-q2-update.win32_2.0.0.202105311346/tools/bin/../lib/gcc/arm-none-eabi/9.3.1/../../../../arm-none-eabi/lib/thumb/v7-m/nofp\libc_nano.a(lib_a-impure.o)
 .rodata._global_impure_ptr
                0x0000000000000000        0x4 c:/st/stm32cubeide_1.7.0/stm32cubeide/plugins/com.st.stm32cube.ide.mcu.externaltools.gnu-tools-for-stm32.9-2020-q2-update.win32_2.0.0.202105311346/tools/bin/../lib/gcc/arm-none-eabi/9.3.1/../../../../arm-none-eabi/lib/thumb/v7-m/nofp\libc_nano.a(lib_a-impure.o)
 .ARM.attributes
                0x0000000000000000       0x2d c:/st/stm32cubeide_1.7.0/stm32cubeide/plugins/com.st.stm32cube.ide.mcu.externaltools.gnu-tools-for-stm32.9-2020-q2-update.win32_2.0.0.202105311346/tools/bin/../lib/gcc/arm-none-eabi/9.3.1/../../../../arm-none-eabi/lib/thumb/v7-m/nofp\libc_nano.a(lib_a-impure.o)
 .text          0x0000000000000000        0x0 c:/st/stm32cubeide_1.7.0/stm32cubeide/plugins/com.st.stm32cube.ide.mcu.externaltools.gnu-tools-for-stm32.9-2020-q2-update.win32_2.0.0.202105311346/tools/bin/../lib/gcc/arm-none-eabi/9.3.1/../../../../arm-none-eabi/lib/thumb/v7-m/nofp\libc_nano.a(lib_a-init.o)
 .data          0x0000000000000000        0x0 c:/st/stm32cubeide_1.7.0/stm32cubeide/plugins/com.st.stm32cube.ide.mcu.externaltools.gnu-tools-for-stm32.9-2020-q2-update.win32_2.0.0.202105311346/tools/bin/../lib/gcc/arm-none-eabi/9.3.1/../../../../arm-none-eabi/lib/thumb/v7-m/nofp\libc_nano.a(lib_a-init.o)
 .bss           0x0000000000000000        0x0 c:/st/stm32cubeide_1.7.0/stm32cubeide/plugins/com.st.stm32cube.ide.mcu.externaltools.gnu-tools-for-stm32.9-2020-q2-update.win32_2.0.0.202105311346/tools/bin/../lib/gcc/arm-none-eabi/9.3.1/../../../../arm-none-eabi/lib/thumb/v7-m/nofp\libc_nano.a(lib_a-init.o)
 .text          0x0000000000000000        0x0 c:/st/stm32cubeide_1.7.0/stm32cubeide/plugins/com.st.stm32cube.ide.mcu.externaltools.gnu-tools-for-stm32.9-2020-q2-update.win32_2.0.0.202105311346/tools/bin/../lib/gcc/arm-none-eabi/9.3.1/../../../../arm-none-eabi/lib/thumb/v7-m/nofp\libc_nano.a(lib_a-memset.o)
 .data          0x0000000000000000        0x0 c:/st/stm32cubeide_1.7.0/stm32cubeide/plugins/com.st.stm32cube.ide.mcu.externaltools.gnu-tools-for-stm32.9-2020-q2-update.win32_2.0.0.202105311346/tools/bin/../lib/gcc/arm-none-eabi/9.3.1/../../../../arm-none-eabi/lib/thumb/v7-m/nofp\libc_nano.a(lib_a-memset.o)
 .bss           0x0000000000000000        0x0 c:/st/stm32cubeide_1.7.0/stm32cubeide/plugins/com.st.stm32cube.ide.mcu.externaltools.gnu-tools-for-stm32.9-2020-q2-update.win32_2.0.0.202105311346/tools/bin/../lib/gcc/arm-none-eabi/9.3.1/../../../../arm-none-eabi/lib/thumb/v7-m/nofp\libc_nano.a(lib_a-memset.o)
 .text          0x0000000000000000        0x0 c:/st/stm32cubeide_1.7.0/stm32cubeide/plugins/com.st.stm32cube.ide.mcu.externaltools.gnu-tools-for-stm32.9-2020-q2-update.win32_2.0.0.202105311346/tools/bin/../lib/gcc/arm-none-eabi/9.3.1/thumb/v7-m/nofp/crtend.o
 .data          0x0000000000000000        0x0 c:/st/stm32cubeide_1.7.0/stm32cubeide/plugins/com.st.stm32cube.ide.mcu.externaltools.gnu-tools-for-stm32.9-2020-q2-update.win32_2.0.0.202105311346/tools/bin/../lib/gcc/arm-none-eabi/9.3.1/thumb/v7-m/nofp/crtend.o
 .bss           0x0000000000000000        0x0 c:/st/stm32cubeide_1.7.0/stm32cubeide/plugins/com.st.stm32cube.ide.mcu.externaltools.gnu-tools-for-stm32.9-2020-q2-update.win32_2.0.0.202105311346/tools/bin/../lib/gcc/arm-none-eabi/9.3.1/thumb/v7-m/nofp/crtend.o
 .eh_frame      0x0000000000000000        0x4 c:/st/stm32cubeide_1.7.0/stm32cubeide/plugins/com.st.stm32cube.ide.mcu.externaltools.gnu-tools-for-stm32.9-2020-q2-update.win32_2.0.0.202105311346/tools/bin/../lib/gcc/arm-none-eabi/9.3.1/thumb/v7-m/nofp/crtend.o
 .ARM.attributes
                0x0000000000000000       0x2d c:/st/stm32cubeide_1.7.0/stm32cubeide/plugins/com.st.stm32cube.ide.mcu.externaltools.gnu-tools-for-stm32.9-2020-q2-update.win32_2.0.0.202105311346/tools/bin/../lib/gcc/arm-none-eabi/9.3.1/thumb/v7-m/nofp/crtend.o
 .text          0x0000000000000000        0x0 c:/st/stm32cubeide_1.7.0/stm32cubeide/plugins/com.st.stm32cube.ide.mcu.externaltools.gnu-tools-for-stm32.9-2020-q2-update.win32_2.0.0.202105311346/tools/bin/../lib/gcc/arm-none-eabi/9.3.1/thumb/v7-m/nofp/crtn.o
 .data          0x0000000000000000        0x0 c:/st/stm32cubeide_1.7.0/stm32cubeide/plugins/com.st.stm32cube.ide.mcu.externaltools.gnu-tools-for-stm32.9-2020-q2-update.win32_2.0.0.202105311346/tools/bin/../lib/gcc/arm-none-eabi/9.3.1/thumb/v7-m/nofp/crtn.o
 .bss           0x0000000000000000        0x0 c:/st/stm32cubeide_1.7.0/stm32cubeide/plugins/com.st.stm32cube.ide.mcu.externaltools.gnu-tools-for-stm32.9-2020-q2-update.win32_2.0.0.202105311346/tools/bin/../lib/gcc/arm-none-eabi/9.3.1/thumb/v7-m/nofp/crtn.o

Memory Configuration

Name             Origin             Length             Attributes
RAM              0x0000000020000000 0x0000000000002800 xrw
FLASH            0x0000000008000000 0x0000000000008000 xr
*default*        0x0000000000000000 0xffffffffffffffff

Linker script and memory map

LOAD c:/st/stm32cubeide_1.7.0/stm32cubeide/plugins/com.st.stm32cube.ide.mcu.externaltools.gnu-tools-for-stm32.9-2020-q2-update.win32_2.0.0.202105311346/tools/bin/../lib/gcc/arm-none-eabi/9.3.1/thumb/v7-m/nofp/crti.o
LOAD c:/st/stm32cubeide_1.7.0/stm32cubeide/plugins/com.st.stm32cube.ide.mcu.externaltools.gnu-tools-for-stm32.9-2020-q2-update.win32_2.0.0.202105311346/tools/bin/../lib/gcc/arm-none-eabi/9.3.1/thumb/v7-m/nofp/crtbegin.o
LOAD c:/st/stm32cubeide_1.7.0/stm32cubeide/plugins/com.st.stm32cube.ide.mcu.externaltools.gnu-tools-for-stm32.9-2020-q2-update.win32_2.0.0.202105311346/tools/bin/../lib/gcc/arm-none-eabi/9.3.1/../../../../arm-none-eabi/lib/thumb/v7-m/nofp/crt0.o
LOAD ./Core/Src/BUTTON.o
LOAD ./Core/Src/global.o
LOAD ./Core/Src/led_7_seg.o
LOAD ./Core/Src/led_traffic.o
LOAD ./Core/Src/main.o
LOAD ./Core/Src/software_timer.o
LOAD ./Core/Src/stm32f1xx_hal_msp.o
LOAD ./Core/Src/stm32f1xx_it.o
LOAD ./Core/Src/syscalls.o
LOAD ./Core/Src/sysmem.o
LOAD ./Core/Src/system_stm32f1xx.o
LOAD ./Core/Src/traffic_fsm.o
LOAD ./Core/Startup/startup_stm32f103c6ux.o
LOAD ./Drivers/STM32F1xx_HAL_Driver/Src/stm32f1xx_hal.o
LOAD ./Drivers/STM32F1xx_HAL_Driver/Src/stm32f1xx_hal_cortex.o
LOAD ./Drivers/STM32F1xx_HAL_Driver/Src/stm32f1xx_hal_dma.o
LOAD ./Drivers/STM32F1xx_HAL_Driver/Src/stm32f1xx_hal_exti.o
LOAD ./Drivers/STM32F1xx_HAL_Driver/Src/stm32f1xx_hal_flash.o
LOAD ./Drivers/STM32F1xx_HAL_Driver/Src/stm32f1xx_hal_flash_ex.o
LOAD ./Drivers/STM32F1xx_HAL_Driver/Src/stm32f1xx_hal_gpio.o
LOAD ./Drivers/STM32F1xx_HAL_Driver/Src/stm32f1xx_hal_gpio_ex.o
LOAD ./Drivers/STM32F1xx_HAL_Driver/Src/stm32f1xx_hal_pwr.o
LOAD ./Drivers/STM32F1xx_HAL_Driver/Src/stm32f1xx_hal_rcc.o
LOAD ./Drivers/STM32F1xx_HAL_Driver/Src/stm32f1xx_hal_rcc_ex.o
LOAD ./Drivers/STM32F1xx_HAL_Driver/Src/stm32f1xx_hal_tim.o
LOAD ./Drivers/STM32F1xx_HAL_Driver/Src/stm32f1xx_hal_tim_ex.o
START GROUP
LOAD c:/st/stm32cubeide_1.7.0/stm32cubeide/plugins/com.st.stm32cube.ide.mcu.externaltools.gnu-tools-for-stm32.9-2020-q2-update.win32_2.0.0.202105311346/tools/bin/../lib/gcc/arm-none-eabi/9.3.1/../../../../arm-none-eabi/lib/thumb/v7-m/nofp\libc_nano.a
LOAD c:/st/stm32cubeide_1.7.0/stm32cubeide/plugins/com.st.stm32cube.ide.mcu.externaltools.gnu-tools-for-stm32.9-2020-q2-update.win32_2.0.0.202105311346/tools/bin/../lib/gcc/arm-none-eabi/9.3.1/../../../../arm-none-eabi/lib/thumb/v7-m/nofp\libm.a
END GROUP
START GROUP
LOAD c:/st/stm32cubeide_1.7.0/stm32cubeide/plugins/com.st.stm32cube.ide.mcu.externaltools.gnu-tools-for-stm32.9-2020-q2-update.win32_2.0.0.202105311346/tools/bin/../lib/gcc/arm-none-eabi/9.3.1/thumb/v7-m/nofp\libgcc.a
LOAD c:/st/stm32cubeide_1.7.0/stm32cubeide/plugins/com.st.stm32cube.ide.mcu.externaltools.gnu-tools-for-stm32.9-2020-q2-update.win32_2.0.0.202105311346/tools/bin/../lib/gcc/arm-none-eabi/9.3.1/../../../../arm-none-eabi/lib/thumb/v7-m/nofp\libc_nano.a
END GROUP
START GROUP
LOAD c:/st/stm32cubeide_1.7.0/stm32cubeide/plugins/com.st.stm32cube.ide.mcu.externaltools.gnu-tools-for-stm32.9-2020-q2-update.win32_2.0.0.202105311346/tools/bin/../lib/gcc/arm-none-eabi/9.3.1/thumb/v7-m/nofp\libgcc.a
LOAD c:/st/stm32cubeide_1.7.0/stm32cubeide/plugins/com.st.stm32cube.ide.mcu.externaltools.gnu-tools-for-stm32.9-2020-q2-update.win32_2.0.0.202105311346/tools/bin/../lib/gcc/arm-none-eabi/9.3.1/../../../../arm-none-eabi/lib/thumb/v7-m/nofp\libc_nano.a
LOAD c:/st/stm32cubeide_1.7.0/stm32cubeide/plugins/com.st.stm32cube.ide.mcu.externaltools.gnu-tools-for-stm32.9-2020-q2-update.win32_2.0.0.202105311346/tools/bin/../lib/gcc/arm-none-eabi/9.3.1/../../../../arm-none-eabi/lib/thumb/v7-m/nofp\libnosys.a
END GROUP
START GROUP
LOAD c:/st/stm32cubeide_1.7.0/stm32cubeide/plugins/com.st.stm32cube.ide.mcu.externaltools.gnu-tools-for-stm32.9-2020-q2-update.win32_2.0.0.202105311346/tools/bin/../lib/gcc/arm-none-eabi/9.3.1/thumb/v7-m/nofp\libgcc.a
LOAD c:/st/stm32cubeide_1.7.0/stm32cubeide/plugins/com.st.stm32cube.ide.mcu.externaltools.gnu-tools-for-stm32.9-2020-q2-update.win32_2.0.0.202105311346/tools/bin/../lib/gcc/arm-none-eabi/9.3.1/../../../../arm-none-eabi/lib/thumb/v7-m/nofp\libc_nano.a
LOAD c:/st/stm32cubeide_1.7.0/stm32cubeide/plugins/com.st.stm32cube.ide.mcu.externaltools.gnu-tools-for-stm32.9-2020-q2-update.win32_2.0.0.202105311346/tools/bin/../lib/gcc/arm-none-eabi/9.3.1/../../../../arm-none-eabi/lib/thumb/v7-m/nofp\libnosys.a
END GROUP
LOAD c:/st/stm32cubeide_1.7.0/stm32cubeide/plugins/com.st.stm32cube.ide.mcu.externaltools.gnu-tools-for-stm32.9-2020-q2-update.win32_2.0.0.202105311346/tools/bin/../lib/gcc/arm-none-eabi/9.3.1/thumb/v7-m/nofp/crtend.o
LOAD c:/st/stm32cubeide_1.7.0/stm32cubeide/plugins/com.st.stm32cube.ide.mcu.externaltools.gnu-tools-for-stm32.9-2020-q2-update.win32_2.0.0.202105311346/tools/bin/../lib/gcc/arm-none-eabi/9.3.1/thumb/v7-m/nofp/crtn.o
                0x0000000020002800                _estack = (ORIGIN (RAM) + LENGTH (RAM))
                0x0000000000000200                _Min_Heap_Size = 0x200
                0x0000000000000400                _Min_Stack_Size = 0x400

.isr_vector     0x0000000008000000      0x10c
                0x0000000008000000                . = ALIGN (0x4)
 *(.isr_vector)
 .isr_vector    0x0000000008000000      0x10c ./Core/Startup/startup_stm32f103c6ux.o
                0x0000000008000000                g_pfnVectors
                0x000000000800010c                . = ALIGN (0x4)

.text           0x000000000800010c     0x18a8
                0x000000000800010c                . = ALIGN (0x4)
 *(.text)
 .text          0x000000000800010c       0x40 c:/st/stm32cubeide_1.7.0/stm32cubeide/plugins/com.st.stm32cube.ide.mcu.externaltools.gnu-tools-for-stm32.9-2020-q2-update.win32_2.0.0.202105311346/tools/bin/../lib/gcc/arm-none-eabi/9.3.1/thumb/v7-m/nofp/crtbegin.o
 *(.text*)
 .text.is_pressed
                0x000000000800014c       0x20 ./Core/Src/BUTTON.o
                0x000000000800014c                is_pressed
 .text.read_input
                0x000000000800016c       0x8c ./Core/Src/BUTTON.o
                0x000000000800016c                read_input
 .text.fsm_for_button
                0x00000000080001f8       0x8c ./Core/Src/BUTTON.o
                0x00000000080001f8                fsm_for_button
 .text.turn_on_led_7seg
                0x0000000008000284       0x8c ./Core/Src/led_7_seg.o
                0x0000000008000284                turn_on_led_7seg
 .text.display_led_7seg
                0x0000000008000310      0x1d4 ./Core/Src/led_7_seg.o
                0x0000000008000310                display_led_7seg
 .text.update_2_buffer_led_7seg_left
                0x00000000080004e4       0x28 ./Core/Src/led_7_seg.o
                0x00000000080004e4                update_2_buffer_led_7seg_left
 .text.update_2_buffer_led_7seg_right
                0x000000000800050c       0x28 ./Core/Src/led_7_seg.o
                0x000000000800050c                update_2_buffer_led_7seg_right
 .text.led_7seg_run
                0x0000000008000534       0x4c ./Core/Src/led_7_seg.o
                0x0000000008000534                led_7seg_run
 .text.turn_on_traffic_led_1
                0x0000000008000580       0x64 ./Core/Src/led_traffic.o
                0x0000000008000580                turn_on_traffic_led_1
 .text.turn_on_traffic_led_2
                0x00000000080005e4       0x64 ./Core/Src/led_traffic.o
                0x00000000080005e4                turn_on_traffic_led_2
 .text.blinkind_led_traffic_1
                0x0000000008000648       0x74 ./Core/Src/led_traffic.o
                0x0000000008000648                blinkind_led_traffic_1
 .text.blinkind_led_traffic_2
                0x00000000080006bc       0x74 ./Core/Src/led_traffic.o
                0x00000000080006bc                blinkind_led_traffic_2
 .text.SystemClock_Config
                0x0000000008000730       0x50 ./Core/Src/main.o
                0x0000000008000730                SystemClock_Config
 .text.startup.main
                0x0000000008000780      0x11c ./Core/Src/main.o
                0x0000000008000780                main
 .text.HAL_TIM_PeriodElapsedCallback
                0x000000000800089c        0xe ./Core/Src/main.o
                0x000000000800089c                HAL_TIM_PeriodElapsedCallback
 *fill*         0x00000000080008aa        0x2 
 .text.set_timer
                0x00000000080008ac       0x14 ./Core/Src/software_timer.o
                0x00000000080008ac                set_timer
 .text.set_timer1
                0x00000000080008c0       0x14 ./Core/Src/software_timer.o
                0x00000000080008c0                set_timer1
 .text.clear_timer
                0x00000000080008d4       0x18 ./Core/Src/software_timer.o
                0x00000000080008d4                clear_timer
 .text.get_time_of_counter
                0x00000000080008ec       0x10 ./Core/Src/software_timer.o
                0x00000000080008ec                get_time_of_counter
 .text.is_timer_timeout
                0x00000000080008fc       0x18 ./Core/Src/software_timer.o
                0x00000000080008fc                is_timer_timeout
 .text.timer_run
                0x0000000008000914       0x4c ./Core/Src/software_timer.o
                0x0000000008000914                timer_run
 .text.HAL_MspInit
                0x0000000008000960       0x44 ./Core/Src/stm32f1xx_hal_msp.o
                0x0000000008000960                HAL_MspInit
 .text.HAL_TIM_Base_MspInit
                0x00000000080009a4       0x3c ./Core/Src/stm32f1xx_hal_msp.o
                0x00000000080009a4                HAL_TIM_Base_MspInit
 .text.NMI_Handler
                0x00000000080009e0        0x2 ./Core/Src/stm32f1xx_it.o
                0x00000000080009e0                NMI_Handler
 .text.HardFault_Handler
                0x00000000080009e2        0x2 ./Core/Src/stm32f1xx_it.o
                0x00000000080009e2                HardFault_Handler
 .text.MemManage_Handler
                0x00000000080009e4        0x2 ./Core/Src/stm32f1xx_it.o
                0x00000000080009e4                MemManage_Handler
 .text.BusFault_Handler
                0x00000000080009e6        0x2 ./Core/Src/stm32f1xx_it.o
                0x00000000080009e6                BusFault_Handler
 .text.UsageFault_Handler
                0x00000000080009e8        0x2 ./Core/Src/stm32f1xx_it.o
                0x00000000080009e8                UsageFault_Handler
 .text.SVC_Handler
                0x00000000080009ea        0x2 ./Core/Src/stm32f1xx_it.o
                0x00000000080009ea                SVC_Handler
 .text.DebugMon_Handler
                0x00000000080009ec        0x2 ./Core/Src/stm32f1xx_it.o
                0x00000000080009ec                DebugMon_Handler
 .text.PendSV_Handler
                0x00000000080009ee        0x2 ./Core/Src/stm32f1xx_it.o
                0x00000000080009ee                PendSV_Handler
 .text.SysTick_Handler
                0x00000000080009f0        0x4 ./Core/Src/stm32f1xx_it.o
                0x00000000080009f0                SysTick_Handler
 .text.TIM2_IRQHandler
                0x00000000080009f4        0xc ./Core/Src/stm32f1xx_it.o
                0x00000000080009f4                TIM2_IRQHandler
 .text.SystemInit
                0x0000000008000a00        0x2 ./Core/Src/system_stm32f1xx.o
                0x0000000008000a00                SystemInit
 *fill*         0x0000000008000a02        0x2 
 .text.fsm_traffic_1_run
                0x0000000008000a04       0x6c ./Core/Src/traffic_fsm.o
                0x0000000008000a04                fsm_traffic_1_run
 .text.fsm_traffic_2_run
                0x0000000008000a70       0x6c ./Core/Src/traffic_fsm.o
                0x0000000008000a70                fsm_traffic_2_run
 .text.fsm_system_run
                0x0000000008000adc      0x234 ./Core/Src/traffic_fsm.o
                0x0000000008000adc                fsm_system_run
 .text.Reset_Handler
                0x0000000008000d10       0x48 ./Core/Startup/startup_stm32f103c6ux.o
                0x0000000008000d10                Reset_Handler
 .text.Default_Handler
                0x0000000008000d58        0x2 ./Core/Startup/startup_stm32f103c6ux.o
                0x0000000008000d58                RTC_Alarm_IRQHandler
                0x0000000008000d58                EXTI2_IRQHandler
                0x0000000008000d58                TIM1_CC_IRQHandler
                0x0000000008000d58                PVD_IRQHandler
                0x0000000008000d58                EXTI3_IRQHandler
                0x0000000008000d58                EXTI0_IRQHandler
                0x0000000008000d58                ADC1_2_IRQHandler
                0x0000000008000d58                SPI1_IRQHandler
                0x0000000008000d58                TAMPER_IRQHandler
                0x0000000008000d58                DMA1_Channel4_IRQHandler
                0x0000000008000d58                RTC_IRQHandler
                0x0000000008000d58                DMA1_Channel7_IRQHandler
                0x0000000008000d58                CAN1_RX1_IRQHandler
                0x0000000008000d58                I2C1_EV_IRQHandler
                0x0000000008000d58                DMA1_Channel6_IRQHandler
                0x0000000008000d58                TIM3_IRQHandler
                0x0000000008000d58                RCC_IRQHandler
                0x0000000008000d58                TIM1_TRG_COM_IRQHandler
                0x0000000008000d58                DMA1_Channel1_IRQHandler
                0x0000000008000d58                Default_Handler
                0x0000000008000d58                EXTI15_10_IRQHandler
                0x0000000008000d58                EXTI9_5_IRQHandler
                0x0000000008000d58                DMA1_Channel5_IRQHandler
                0x0000000008000d58                EXTI4_IRQHandler
                0x0000000008000d58                USB_LP_CAN1_RX0_IRQHandler
                0x0000000008000d58                USB_HP_CAN1_TX_IRQHandler
                0x0000000008000d58                DMA1_Channel3_IRQHandler
                0x0000000008000d58                TIM1_UP_IRQHandler
                0x0000000008000d58                WWDG_IRQHandler
                0x0000000008000d58                TIM1_BRK_IRQHandler
                0x0000000008000d58                EXTI1_IRQHandler
                0x0000000008000d58                USART2_IRQHandler
                0x0000000008000d58                DMA1_Channel2_IRQHandler
                0x0000000008000d58                CAN1_SCE_IRQHandler
                0x0000000008000d58                FLASH_IRQHandler
                0x0000000008000d58                USART1_IRQHandler
                0x0000000008000d58                I2C1_ER_IRQHandler
                0x0000000008000d58                USBWakeUp_IRQHandler
 *fill*         0x0000000008000d5a        0x2 
 .text.HAL_InitTick
                0x0000000008000d5c       0x48 ./Drivers/STM32F1xx_HAL_Driver/Src/stm32f1xx_hal.o
                0x0000000008000d5c                HAL_InitTick
 .text.HAL_Init
                0x0000000008000da4       0x24 ./Drivers/STM32F1xx_HAL_Driver/Src/stm32f1xx_hal.o
                0x0000000008000da4                HAL_Init
 .text.HAL_IncTick
                0x0000000008000dc8       0x18 ./Drivers/STM32F1xx_HAL_Driver/Src/stm32f1xx_hal.o
                0x0000000008000dc8                HAL_IncTick
 .text.HAL_GetTick
                0x0000000008000de0        0xc ./Drivers/STM32F1xx_HAL_Driver/Src/stm32f1xx_hal.o
                0x0000000008000de0                HAL_GetTick
 .text.HAL_NVIC_SetPriorityGrouping
                0x0000000008000dec       0x24 ./Drivers/STM32F1xx_HAL_Driver/Src/stm32f1xx_hal_cortex.o
                0x0000000008000dec                HAL_NVIC_SetPriorityGrouping
 .text.HAL_NVIC_SetPriority
                0x0000000008000e10       0x64 ./Drivers/STM32F1xx_HAL_Driver/Src/stm32f1xx_hal_cortex.o
                0x0000000008000e10                HAL_NVIC_SetPriority
 .text.HAL_NVIC_EnableIRQ
                0x0000000008000e74       0x1c ./Drivers/STM32F1xx_HAL_Driver/Src/stm32f1xx_hal_cortex.o
                0x0000000008000e74                HAL_NVIC_EnableIRQ
 .text.HAL_SYSTICK_Config
                0x0000000008000e90       0x2c ./Drivers/STM32F1xx_HAL_Driver/Src/stm32f1xx_hal_cortex.o
                0x0000000008000e90                HAL_SYSTICK_Config
 .text.HAL_GPIO_Init
                0x0000000008000ebc      0x1ac ./Drivers/STM32F1xx_HAL_Driver/Src/stm32f1xx_hal_gpio.o
                0x0000000008000ebc                HAL_GPIO_Init
 .text.HAL_GPIO_ReadPin
                0x0000000008001068        0xc ./Drivers/STM32F1xx_HAL_Driver/Src/stm32f1xx_hal_gpio.o
                0x0000000008001068                HAL_GPIO_ReadPin
 .text.HAL_GPIO_WritePin
                0x0000000008001074        0xa ./Drivers/STM32F1xx_HAL_Driver/Src/stm32f1xx_hal_gpio.o
                0x0000000008001074                HAL_GPIO_WritePin
 .text.HAL_GPIO_TogglePin
                0x000000000800107e       0x12 ./Drivers/STM32F1xx_HAL_Driver/Src/stm32f1xx_hal_gpio.o
                0x000000000800107e                HAL_GPIO_TogglePin
 .text.HAL_RCC_OscConfig
                0x0000000008001090      0x338 ./Drivers/STM32F1xx_HAL_Driver/Src/stm32f1xx_hal_rcc.o
                0x0000000008001090                HAL_RCC_OscConfig
 .text.HAL_RCC_GetSysClockFreq
                0x00000000080013c8       0x4c ./Drivers/STM32F1xx_HAL_Driver/Src/stm32f1xx_hal_rcc.o
                0x00000000080013c8                HAL_RCC_GetSysClockFreq
 .text.HAL_RCC_ClockConfig
                0x0000000008001414      0x138 ./Drivers/STM32F1xx_HAL_Driver/Src/stm32f1xx_hal_rcc.o
                0x0000000008001414                HAL_RCC_ClockConfig
 .text.HAL_TIM_Base_Start_IT
                0x000000000800154c       0x4c ./Drivers/STM32F1xx_HAL_Driver/Src/stm32f1xx_hal_tim.o
                0x000000000800154c                HAL_TIM_Base_Start_IT
 .text.HAL_TIM_OC_DelayElapsedCallback
                0x0000000008001598        0x2 ./Drivers/STM32F1xx_HAL_Driver/Src/stm32f1xx_hal_tim.o
                0x0000000008001598                HAL_TIM_OC_DelayElapsedCallback
 .text.HAL_TIM_IC_CaptureCallback
                0x000000000800159a        0x2 ./Drivers/STM32F1xx_HAL_Driver/Src/stm32f1xx_hal_tim.o
                0x000000000800159a                HAL_TIM_IC_CaptureCallback
 .text.HAL_TIM_PWM_PulseFinishedCallback
                0x000000000800159c        0x2 ./Drivers/STM32F1xx_HAL_Driver/Src/stm32f1xx_hal_tim.o
                0x000000000800159c                HAL_TIM_PWM_PulseFinishedCallback
 .text.HAL_TIM_TriggerCallback
                0x000000000800159e        0x2 ./Drivers/STM32F1xx_HAL_Driver/Src/stm32f1xx_hal_tim.o
                0x000000000800159e                HAL_TIM_TriggerCallback
 .text.HAL_TIM_IRQHandler
                0x00000000080015a0      0x144 ./Drivers/STM32F1xx_HAL_Driver/Src/stm32f1xx_hal_tim.o
                0x00000000080015a0                HAL_TIM_IRQHandler
 .text.TIM_Base_SetConfig
                0x00000000080016e4       0x64 ./Drivers/STM32F1xx_HAL_Driver/Src/stm32f1xx_hal_tim.o
                0x00000000080016e4                TIM_Base_SetConfig
 .text.HAL_TIM_Base_Init
                0x0000000008001748       0x58 ./Drivers/STM32F1xx_HAL_Driver/Src/stm32f1xx_hal_tim.o
                0x0000000008001748                HAL_TIM_Base_Init
 .text.TIM_ETR_SetConfig
                0x00000000080017a0       0x14 ./Drivers/STM32F1xx_HAL_Driver/Src/stm32f1xx_hal_tim.o
                0x00000000080017a0                TIM_ETR_SetConfig
 .text.HAL_TIM_ConfigClockSource
                0x00000000080017b4      0x138 ./Drivers/STM32F1xx_HAL_Driver/Src/stm32f1xx_hal_tim.o
                0x00000000080017b4                HAL_TIM_ConfigClockSource
 .text.HAL_TIMEx_MasterConfigSynchronization
                0x00000000080018ec       0x54 ./Drivers/STM32F1xx_HAL_Driver/Src/stm32f1xx_hal_tim_ex.o
                0x00000000080018ec                HAL_TIMEx_MasterConfigSynchronization
 .text.HAL_TIMEx_CommutCallback
                0x0000000008001940        0x2 ./Drivers/STM32F1xx_HAL_Driver/Src/stm32f1xx_hal_tim_ex.o
                0x0000000008001940                HAL_TIMEx_CommutCallback
 .text.HAL_TIMEx_BreakCallback
                0x0000000008001942        0x2 ./Drivers/STM32F1xx_HAL_Driver/Src/stm32f1xx_hal_tim_ex.o
                0x0000000008001942                HAL_TIMEx_BreakCallback
 .text.__libc_init_array
                0x0000000008001944       0x48 c:/st/stm32cubeide_1.7.0/stm32cubeide/plugins/com.st.stm32cube.ide.mcu.externaltools.gnu-tools-for-stm32.9-2020-q2-update.win32_2.0.0.202105311346/tools/bin/../lib/gcc/arm-none-eabi/9.3.1/../../../../arm-none-eabi/lib/thumb/v7-m/nofp\libc_nano.a(lib_a-init.o)
                0x0000000008001944                __libc_init_array
 .text.memset   0x000000000800198c       0x10 c:/st/stm32cubeide_1.7.0/stm32cubeide/plugins/com.st.stm32cube.ide.mcu.externaltools.gnu-tools-for-stm32.9-2020-q2-update.win32_2.0.0.202105311346/tools/bin/../lib/gcc/arm-none-eabi/9.3.1/../../../../arm-none-eabi/lib/thumb/v7-m/nofp\libc_nano.a(lib_a-memset.o)
                0x000000000800198c                memset
 *(.glue_7)
 .glue_7        0x000000000800199c        0x0 linker stubs
 *(.glue_7t)
 .glue_7t       0x000000000800199c        0x0 linker stubs
 *(.eh_frame)
 .eh_frame      0x000000000800199c        0x0 c:/st/stm32cubeide_1.7.0/stm32cubeide/plugins/com.st.stm32cube.ide.mcu.externaltools.gnu-tools-for-stm32.9-2020-q2-update.win32_2.0.0.202105311346/tools/bin/../lib/gcc/arm-none-eabi/9.3.1/thumb/v7-m/nofp/crtbegin.o
 *(.init)
 .init          0x000000000800199c        0x4 c:/st/stm32cubeide_1.7.0/stm32cubeide/plugins/com.st.stm32cube.ide.mcu.externaltools.gnu-tools-for-stm32.9-2020-q2-update.win32_2.0.0.202105311346/tools/bin/../lib/gcc/arm-none-eabi/9.3.1/thumb/v7-m/nofp/crti.o
                0x000000000800199c                _init
 .init          0x00000000080019a0        0x8 c:/st/stm32cubeide_1.7.0/stm32cubeide/plugins/com.st.stm32cube.ide.mcu.externaltools.gnu-tools-for-stm32.9-2020-q2-update.win32_2.0.0.202105311346/tools/bin/../lib/gcc/arm-none-eabi/9.3.1/thumb/v7-m/nofp/crtn.o
 *(.fini)
 .fini          0x00000000080019a8        0x4 c:/st/stm32cubeide_1.7.0/stm32cubeide/plugins/com.st.stm32cube.ide.mcu.externaltools.gnu-tools-for-stm32.9-2020-q2-update.win32_2.0.0.202105311346/tools/bin/../lib/gcc/arm-none-eabi/9.3.1/thumb/v7-m/nofp/crti.o
                0x00000000080019a8                _fini
 .fini          0x00000000080019ac        0x8 c:/st/stm32cubeide_1.7.0/stm32cubeide/plugins/com.st.stm32cube.ide.mcu.externaltools.gnu-tools-for-stm32.9-2020-q2-update.win32_2.0.0.202105311346/tools/bin/../lib/gcc/arm-none-eabi/9.3.1/thumb/v7-m/nofp/crtn.o
                0x00000000080019b4                . = ALIGN (0x4)
                0x00000000080019b4                _etext = .

.vfp11_veneer   0x00000000080019b4        0x0
 .vfp11_veneer  0x00000000080019b4        0x0 linker stubs

.v4_bx          0x00000000080019b4        0x0
 .v4_bx         0x00000000080019b4        0x0 linker stubs

.iplt           0x00000000080019b4        0x0
 .iplt          0x00000000080019b4        0x0 c:/st/stm32cubeide_1.7.0/stm32cubeide/plugins/com.st.stm32cube.ide.mcu.externaltools.gnu-tools-for-stm32.9-2020-q2-update.win32_2.0.0.202105311346/tools/bin/../lib/gcc/arm-none-eabi/9.3.1/thumb/v7-m/nofp/crtbegin.o

.rodata         0x00000000080019b4       0x24
                0x00000000080019b4                . = ALIGN (0x4)
 *(.rodata)
 *(.rodata*)
 .rodata.AHBPrescTable
                0x00000000080019b4       0x10 ./Core/Src/system_stm32f1xx.o
                0x00000000080019b4                AHBPrescTable
 .rodata.aPLLMULFactorTable.6032
                0x00000000080019c4       0x10 ./Drivers/STM32F1xx_HAL_Driver/Src/stm32f1xx_hal_rcc.o
 .rodata.aPredivFactorTable.6033
                0x00000000080019d4        0x2 ./Drivers/STM32F1xx_HAL_Driver/Src/stm32f1xx_hal_rcc.o
                0x00000000080019d8                . = ALIGN (0x4)
 *fill*         0x00000000080019d6        0x2 

.rel.dyn        0x00000000080019d8        0x0
 .rel.iplt      0x00000000080019d8        0x0 c:/st/stm32cubeide_1.7.0/stm32cubeide/plugins/com.st.stm32cube.ide.mcu.externaltools.gnu-tools-for-stm32.9-2020-q2-update.win32_2.0.0.202105311346/tools/bin/../lib/gcc/arm-none-eabi/9.3.1/thumb/v7-m/nofp/crtbegin.o

.ARM.extab      0x00000000080019d8        0x0
                0x00000000080019d8                . = ALIGN (0x4)
 *(.ARM.extab* .gnu.linkonce.armextab.*)
                0x00000000080019d8                . = ALIGN (0x4)

.ARM            0x00000000080019d8        0x0
                0x00000000080019d8                . = ALIGN (0x4)
                0x00000000080019d8                __exidx_start = .
 *(.ARM.exidx*)
                0x00000000080019d8                __exidx_end = .
                0x00000000080019d8                . = ALIGN (0x4)

.preinit_array  0x00000000080019d8        0x0
                0x00000000080019d8                . = ALIGN (0x4)
                0x00000000080019d8                PROVIDE (__preinit_array_start = .)
 *(.preinit_array*)
                0x00000000080019d8                PROVIDE (__preinit_array_end = .)
                0x00000000080019d8                . = ALIGN (0x4)

.init_array     0x00000000080019d8        0x4
                0x00000000080019d8                . = ALIGN (0x4)
                0x00000000080019d8                PROVIDE (__init_array_start = .)
 *(SORT_BY_NAME(.init_array.*))
 *(.init_array*)
 .init_array    0x00000000080019d8        0x4 c:/st/stm32cubeide_1.7.0/stm32cubeide/plugins/com.st.stm32cube.ide.mcu.externaltools.gnu-tools-for-stm32.9-2020-q2-update.win32_2.0.0.202105311346/tools/bin/../lib/gcc/arm-none-eabi/9.3.1/thumb/v7-m/nofp/crtbegin.o
                0x00000000080019dc                PROVIDE (__init_array_end = .)
                0x00000000080019dc                . = ALIGN (0x4)

.fini_array     0x00000000080019dc        0x4
                0x00000000080019dc                . = ALIGN (0x4)
                [!provide]                        PROVIDE (__fini_array_start = .)
 *(SORT_BY_NAME(.fini_array.*))
 *(.fini_array*)
 .fini_array    0x00000000080019dc        0x4 c:/st/stm32cubeide_1.7.0/stm32cubeide/plugins/com.st.stm32cube.ide.mcu.externaltools.gnu-tools-for-stm32.9-2020-q2-update.win32_2.0.0.202105311346/tools/bin/../lib/gcc/arm-none-eabi/9.3.1/thumb/v7-m/nofp/crtbegin.o
                [!provide]                        PROVIDE (__fini_array_end = .)
                0x00000000080019e0                . = ALIGN (0x4)
                0x00000000080019e0                _sidata = LOADADDR (.data)

.data           0x0000000020000000       0x60 load address 0x00000000080019e0
                0x0000000020000000                . = ALIGN (0x4)
                0x0000000020000000                _sdata = .
 *(.data)
 *(.data*)
 .data.button_buffer
                0x0000000020000000        0xc ./Core/Src/BUTTON.o
                0x0000000020000000                button_buffer
 .data.register0_key
                0x000000002000000c        0xc ./Core/Src/BUTTON.o
                0x000000002000000c                register0_key
 .data.register1_key
                0x0000000020000018        0xc ./Core/Src/BUTTON.o
                0x0000000020000018                register1_key
 .data.register2_key
                0x0000000020000024        0xc ./Core/Src/BUTTON.o
                0x0000000020000024                register2_key
 .data.state_of_button
                0x0000000020000030        0xc ./Core/Src/BUTTON.o
                0x0000000020000030                state_of_button
 .data.buffer_duration_time
                0x000000002000003c        0x4 ./Core/Src/global.o
                0x000000002000003c                buffer_duration_time
 .data.duration_time_of_GREEN
                0x0000000020000040        0x4 ./Core/Src/global.o
                0x0000000020000040                duration_time_of_GREEN
 .data.duration_time_of_RED
                0x0000000020000044        0x4 ./Core/Src/global.o
                0x0000000020000044                duration_time_of_RED
 .data.duration_time_of_YELLOW
                0x0000000020000048        0x4 ./Core/Src/global.o
                0x0000000020000048                duration_time_of_YELLOW
 .data.state_led_traffic_1
                0x000000002000004c        0x4 ./Core/Src/global.o
                0x000000002000004c                state_led_traffic_1
 .data.state_led_traffic_2
                0x0000000020000050        0x4 ./Core/Src/global.o
                0x0000000020000050                state_led_traffic_2
 .data.SystemCoreClock
                0x0000000020000054        0x4 ./Core/Src/system_stm32f1xx.o
                0x0000000020000054                SystemCoreClock
 .data.uwTickFreq
                0x0000000020000058        0x1 ./Drivers/STM32F1xx_HAL_Driver/Src/stm32f1xx_hal.o
                0x0000000020000058                uwTickFreq
 *fill*         0x0000000020000059        0x3 
 .data.uwTickPrio
                0x000000002000005c        0x4 ./Drivers/STM32F1xx_HAL_Driver/Src/stm32f1xx_hal.o
                0x000000002000005c                uwTickPrio
 *(.RamFunc)
 *(.RamFunc*)
                0x0000000020000060                . = ALIGN (0x4)
                0x0000000020000060                _edata = .

.igot.plt       0x0000000020000060        0x0 load address 0x0000000008001a40
 .igot.plt      0x0000000020000060        0x0 c:/st/stm32cubeide_1.7.0/stm32cubeide/plugins/com.st.stm32cube.ide.mcu.externaltools.gnu-tools-for-stm32.9-2020-q2-update.win32_2.0.0.202105311346/tools/bin/../lib/gcc/arm-none-eabi/9.3.1/thumb/v7-m/nofp/crtbegin.o
                0x0000000020000060                . = ALIGN (0x4)

.bss            0x0000000020000060       0xf0 load address 0x0000000008001a40
                0x0000000020000060                _sbss = .
                0x0000000020000060                __bss_start__ = _sbss
 *(.bss)
 .bss           0x0000000020000060       0x1c c:/st/stm32cubeide_1.7.0/stm32cubeide/plugins/com.st.stm32cube.ide.mcu.externaltools.gnu-tools-for-stm32.9-2020-q2-update.win32_2.0.0.202105311346/tools/bin/../lib/gcc/arm-none-eabi/9.3.1/thumb/v7-m/nofp/crtbegin.o
 *(.bss*)
 .bss.flag_for_pressed
                0x000000002000007c        0xc ./Core/Src/BUTTON.o
                0x000000002000007c                flag_for_pressed
 .bss.flag_for_pressed_3s
                0x0000000020000088        0xc ./Core/Src/BUTTON.o
                0x0000000020000088                flag_for_pressed_3s
 .bss.mode      0x0000000020000094        0x4 ./Core/Src/global.o
                0x0000000020000094                mode
 .bss.index_led_7_seg
                0x0000000020000098        0x4 ./Core/Src/led_7_seg.o
                0x0000000020000098                index_led_7_seg
 .bss.led_7_seg_buffer
                0x000000002000009c       0x10 ./Core/Src/led_7_seg.o
                0x000000002000009c                led_7_seg_buffer
 .bss.timer1_counter
                0x00000000200000ac        0x4 ./Core/Src/software_timer.o
                0x00000000200000ac                timer1_counter
 .bss.timer1_flag
                0x00000000200000b0        0x4 ./Core/Src/software_timer.o
                0x00000000200000b0                timer1_flag
 .bss.timer_counter
                0x00000000200000b4       0x28 ./Core/Src/software_timer.o
                0x00000000200000b4                timer_counter
 .bss.timer_flag
                0x00000000200000dc       0x28 ./Core/Src/software_timer.o
                0x00000000200000dc                timer_flag
 *(COMMON)
 COMMON         0x0000000020000104       0x48 ./Core/Src/main.o
                0x0000000020000104                htim2
 COMMON         0x000000002000014c        0x4 ./Drivers/STM32F1xx_HAL_Driver/Src/stm32f1xx_hal.o
                0x000000002000014c                uwTick
                0x0000000020000150                . = ALIGN (0x4)
                0x0000000020000150                _ebss = .
                0x0000000020000150                __bss_end__ = _ebss

._user_heap_stack
                0x0000000020000150      0x600 load address 0x0000000008001a40
                0x0000000020000150                . = ALIGN (0x8)
                [!provide]                        PROVIDE (end = .)
                0x0000000020000150                PROVIDE (_end = .)
                0x0000000020000350                . = (. + _Min_Heap_Size)
 *fill*         0x0000000020000150      0x200 
                0x0000000020000750                . = (. + _Min_Stack_Size)
 *fill*         0x0000000020000350      0x400 
                0x0000000020000750                . = ALIGN (0x8)

/DISCARD/
 libc.a(*)
 libm.a(*)
 libgcc.a(*)

.ARM.attributes
                0x0000000000000000       0x29
 *(.ARM.attributes)
 .ARM.attributes
                0x0000000000000000       0x1d c:/st/stm32cubeide_1.7.0/stm32cubeide/plugins/com.st.stm32cube.ide.mcu.externaltools.gnu-tools-for-stm32.9-2020-q2-update.win32_2.0.0.202105311346/tools/bin/../lib/gcc/arm-none-eabi/9.3.1/thumb/v7-m/nofp/crti.o
 .ARM.attributes
                0x000000000000001d       0x2d c:/st/stm32cubeide_1.7.0/stm32cubeide/plugins/com.st.stm32cube.ide.mcu.externaltools.gnu-tools-for-stm32.9-2020-q2-update.win32_2.0.0.202105311346/tools/bin/../lib/gcc/arm-none-eabi/9.3.1/thumb/v7-m/nofp/crtbegin.o
 .ARM.attributes
                0x000000000000004a       0x2d ./Core/Src/BUTTON.o
 .ARM.attributes
                0x0000000000000077       0x33 ./Core/Src/global.o
 .ARM.attributes
                0x00000000000000aa       0x2d ./Core/Src/led_7_seg.o
 .ARM.attributes
                0x00000000000000d7       0x2d ./Core/Src/led_traffic.o
 .ARM.attributes
                0x0000000000000104       0x2d ./Core/Src/main.o
 .ARM.attributes
                0x0000000000000131       0x2d ./Core/Src/software_timer.o
 .ARM.attributes
                0x000000000000015e       0x2d ./Core/Src/stm32f1xx_hal_msp.o
 .ARM.attributes
                0x000000000000018b       0x2d ./Core/Src/stm32f1xx_it.o
 .ARM.attributes
                0x00000000000001b8       0x2d ./Core/Src/system_stm32f1xx.o
 .ARM.attributes
                0x00000000000001e5       0x2d ./Core/Src/traffic_fsm.o
 .ARM.attributes
                0x0000000000000212       0x21 ./Core/Startup/startup_stm32f103c6ux.o
 .ARM.attributes
                0x0000000000000233       0x2d ./Drivers/STM32F1xx_HAL_Driver/Src/stm32f1xx_hal.o
 .ARM.attributes
                0x0000000000000260       0x2d ./Drivers/STM32F1xx_HAL_Driver/Src/stm32f1xx_hal_cortex.o
 .ARM.attributes
                0x000000000000028d       0x2d ./Drivers/STM32F1xx_HAL_Driver/Src/stm32f1xx_hal_gpio.o
 .ARM.attributes
                0x00000000000002ba       0x2d ./Drivers/STM32F1xx_HAL_Driver/Src/stm32f1xx_hal_rcc.o
 .ARM.attributes
                0x00000000000002e7       0x2d ./Drivers/STM32F1xx_HAL_Driver/Src/stm32f1xx_hal_tim.o
 .ARM.attributes
                0x0000000000000314       0x2d ./Drivers/STM32F1xx_HAL_Driver/Src/stm32f1xx_hal_tim_ex.o
 .ARM.attributes
                0x0000000000000341       0x2d c:/st/stm32cubeide_1.7.0/stm32cubeide/plugins/com.st.stm32cube.ide.mcu.externaltools.gnu-tools-for-stm32.9-2020-q2-update.win32_2.0.0.202105311346/tools/bin/../lib/gcc/arm-none-eabi/9.3.1/../../../../arm-none-eabi/lib/thumb/v7-m/nofp\libc_nano.a(lib_a-init.o)
 .ARM.attributes
                0x000000000000036e       0x2d c:/st/stm32cubeide_1.7.0/stm32cubeide/plugins/com.st.stm32cube.ide.mcu.externaltools.gnu-tools-for-stm32.9-2020-q2-update.win32_2.0.0.202105311346/tools/bin/../lib/gcc/arm-none-eabi/9.3.1/../../../../arm-none-eabi/lib/thumb/v7-m/nofp\libc_nano.a(lib_a-memset.o)
 .ARM.attributes
                0x000000000000039b       0x1d c:/st/stm32cubeide_1.7.0/stm32cubeide/plugins/com.st.stm32cube.ide.mcu.externaltools.gnu-tools-for-stm32.9-2020-q2-update.win32_2.0.0.202105311346/tools/bin/../lib/gcc/arm-none-eabi/9.3.1/thumb/v7-m/nofp/crtn.o
OUTPUT(LAB3_EX.elf elf32-littlearm)
LOAD linker stubs
LOAD c:/st/stm32cubeide_1.7.0/stm32cubeide/plugins/com.st.stm32cube.ide.mcu.externaltools.gnu-tools-for-stm32.9-2020-q2-update.win32_2.0.0.202105311346/tools/bin/../lib/gcc/arm-none-eabi/9.3.1/../../../../arm-none-eabi/lib/thumb/v7-m/nofp\libc.a
LOAD c:/st/stm32cubeide_1.7.0/stm32cubeide/plugins/com.st.stm32cube.ide.mcu.externaltools.gnu-tools-for-stm32.9-2020-q2-update.win32_2.0.0.202105311346/tools/bin/../lib/gcc/arm-none-eabi/9.3.1/../../../../arm-none-eabi/lib/thumb/v7-m/nofp\libm.a
LOAD c:/st/stm32cubeide_1.7.0/stm32cubeide/plugins/com.st.stm32cube.ide.mcu.externaltools.gnu-tools-for-stm32.9-2020-q2-update.win32_2.0.0.202105311346/tools/bin/../lib/gcc/arm-none-eabi/9.3.1/thumb/v7-m/nofp\libgcc.a

.comment        0x0000000000000000       0x53
 .comment       0x0000000000000000       0x53 ./Core/Src/BUTTON.o
                                         0x54 (size before relaxing)
 .comment       0x0000000000000053       0x54 ./Core/Src/global.o
 .comment       0x0000000000000053       0x54 ./Core/Src/led_7_seg.o
 .comment       0x0000000000000053       0x54 ./Core/Src/led_traffic.o
 .comment       0x0000000000000053       0x54 ./Core/Src/main.o
 .comment       0x0000000000000053       0x54 ./Core/Src/software_timer.o
 .comment       0x0000000000000053       0x54 ./Core/Src/stm32f1xx_hal_msp.o
 .comment       0x0000000000000053       0x54 ./Core/Src/stm32f1xx_it.o
 .comment       0x0000000000000053       0x54 ./Core/Src/system_stm32f1xx.o
 .comment       0x0000000000000053       0x54 ./Core/Src/traffic_fsm.o
 .comment       0x0000000000000053       0x54 ./Drivers/STM32F1xx_HAL_Driver/Src/stm32f1xx_hal.o
 .comment       0x0000000000000053       0x54 ./Drivers/STM32F1xx_HAL_Driver/Src/stm32f1xx_hal_cortex.o
 .comment       0x0000000000000053       0x54 ./Drivers/STM32F1xx_HAL_Driver/Src/stm32f1xx_hal_gpio.o
 .comment       0x0000000000000053       0x54 ./Drivers/STM32F1xx_HAL_Driver/Src/stm32f1xx_hal_rcc.o
 .comment       0x0000000000000053       0x54 ./Drivers/STM32F1xx_HAL_Driver/Src/stm32f1xx_hal_tim.o
 .comment       0x0000000000000053       0x54 ./Drivers/STM32F1xx_HAL_Driver/Src/stm32f1xx_hal_tim_ex.o

.debug_frame    0x0000000000000000       0x4c
 .debug_frame   0x0000000000000000       0x2c c:/st/stm32cubeide_1.7.0/stm32cubeide/plugins/com.st.stm32cube.ide.mcu.externaltools.gnu-tools-for-stm32.9-2020-q2-update.win32_2.0.0.202105311346/tools/bin/../lib/gcc/arm-none-eabi/9.3.1/../../../../arm-none-eabi/lib/thumb/v7-m/nofp\libc_nano.a(lib_a-init.o)
 .debug_frame   0x000000000000002c       0x20 c:/st/stm32cubeide_1.7.0/stm32cubeide/plugins/com.st.stm32cube.ide.mcu.externaltools.gnu-tools-for-stm32.9-2020-q2-update.win32_2.0.0.202105311346/tools/bin/../lib/gcc/arm-none-eabi/9.3.1/../../../../arm-none-eabi/lib/thumb/v7-m/nofp\libc_nano.a(lib_a-memset.o)
